
═════════════════════════════════════════════════════════════════
[12.03.2026, 15:58:11] Verificare periodica — 180 afterschool-uri
═════════════════════════════════════════════════════════════════
[1/180] Young Academics... 
═════════════════════════════════════════════════════════════════
[12.03.2026, 15:58:11] Verificare periodica — 180 afterschool-uri
═════════════════════════════════════════════════════════════════
✏️  pret: 1200→1600
✏️  pret: 1200→1600
[2/180] Smart Education... ✓ neschimbat (full)
✓ neschimbat (full)
[3/180] Teddy Bar After School... ✏️  pret: 1000→350
✏️  pret: 1000→350
[4/180] CoolTure MindS... ✓ neschimbat (full)
✓ neschimbat (full)
[5/180] After School WiNGS... ✓ neschimbat (full)
✓ neschimbat (full)
[6/180] EduFriends... ✏️  preluare: 11:00→12:00
✏️  preluare: 11:00→12:00
[7/180] SAGA Kid... ✓ neschimbat (full)
✓ neschimbat (full)
[8/180] Diandra After School... ✏️  preluare: 11:30→07:30
✏️  preluare: 11:30→07:30
[9/180] Joe After School (JSCK)... ✏️  pret: 900→200
✏️  pret: 900→200
[10/180] Clubul Micilor Aristocrati... ✏️  preluare: 11:00→11:30
✏️  preluare: 11:00→11:30
[11/180] International Premium School... ✏️  pret: 1500→250 | preluare: 12:00→10:00
✏️  pret: 1500→250 | preluare: 12:00→10:00
[12/180] Step Up School... ✓ neschimbat (full)
✓ neschimbat (full)
[13/180] Scoala Atlas - Campus A... ✓ neschimbat (full)
✓ neschimbat (full)
[14/180] ForEvEr Afterschool... ✏️  pret: 700→1200 | preluare: 11:30→11:00
✏️  pret: 700→1200 | preluare: 11:30→11:00
[15/180] Happy Kids After School... ✓ neschimbat (full)
✓ neschimbat (full)
[16/180] Little Stars After School... ✓ neschimbat (full)
✓ neschimbat (full)
[17/180] Scoala Luca... ✏️  preluare: 12:00→08:00
✏️  preluare: 12:00→08:00
[18/180] Free Minds Builders... ✏️  disponibilitate: available→unknown | pret: 1100→200 | preluare: 12:00→10:00
✏️  disponibilitate: available→unknown | pret: 1100→200 | preluare: 12:00→10:00
[19/180] Aristokids... ✏️  preluare: 12:00→08:00
✏️  preluare: 12:00→08:00
[20/180] LIFE is Cool - Aviatiei... ✓ neschimbat (full)
✓ neschimbat (full)
[21/180] Pache EduCenter... ✓ neschimbat (full)
✓ neschimbat (full)
[22/180] Gradinita Primii Pasi - AfterSchool... ✏️  preluare: 11:00→07:30
✏️  preluare: 11:00→07:30
[23/180] Castelul Fermecat... ✓ neschimbat (full)
✓ neschimbat (full)
[24/180] LIFE is Cool - Titan... ✓ neschimbat (full)
✓ neschimbat (full)
[25/180] Elefantelul Curios... ✏️  preluare: 11:30→08:00
✏️  preluare: 11:30→08:00
[26/180] Kids Palace After School... ✓ neschimbat (full)
✓ neschimbat (full)
[27/180] Focus Kids... ✓ neschimbat (full)
✓ neschimbat (full)
[28/180] Militari After School... ✏️  preluare: 12:00→06:30
✏️  preluare: 12:00→06:30
[29/180] After School Sector 1 (Baneasa)... ✓ neschimbat (full)
✓ neschimbat (full)
[30/180] Afterschool Sarida... ✓ neschimbat (full)
✓ neschimbat (full)
[31/180] Educație Pozitivă After-School... ✓ neschimbat (full)
✓ neschimbat (full)
[32/180] After School Georgi... ✓ neschimbat (full)
✓ neschimbat (full)
[33/180] After-school Cei Trei Muschetari... ✓ neschimbat (full)
✓ neschimbat (full)
[34/180] After school Stelutele... ✓ neschimbat (full)
✓ neschimbat (full)
[35/180] Kreative Kids After School... ✓ neschimbat (full)
✓ neschimbat (full)
[36/180] After Robotics School... ✓ neschimbat (full)
✓ neschimbat (full)
[37/180] After School Drumul Taberei (Fun4All)... ✓ neschimbat (full)
✓ neschimbat (full)
[38/180] After School Crangasi... ✓ neschimbat (full)
✓ neschimbat (full)
[39/180] Gradinita Piticii Nostri AfterSchool... ✓ neschimbat (full)
✓ neschimbat (full)
[40/180] Afterschool Frensi Club... ✓ neschimbat (full)
✓ neschimbat (full)
[41/180] Afterschool Poveștile lui Anais... ✓ neschimbat (full)
✓ neschimbat (full)
[42/180] After school Adeland... ✓ neschimbat (full)
✓ neschimbat (full)
[43/180] After School Hora... ✏️  disponibilitate: available→unknown
✏️  disponibilitate: available→unknown
[44/180] Grădinița BritAcademy AfterSchool... ✓ neschimbat (full)
✓ neschimbat (full)
[45/180] HappyTime Gradinita & After School... ✓ neschimbat (full)
✓ neschimbat (full)
[46/180] Kiddo Clubhouse After School... ✓ neschimbat (full)
✓ neschimbat (full)
[47/180] Paradisul Copiilor AfterSchool... ✓ neschimbat (full)
✓ neschimbat (full)
[48/180] After School IQ EST... ✓ neschimbat (full)
✓ neschimbat (full)
[49/180] GroupOne AfterSchool București... ✓ neschimbat (full)
✓ neschimbat (full)
[50/180] Alpha Kids Club AfterSchool Măgurele... ✓ neschimbat (full)
✓ neschimbat (full)
[51/180] KeiKo AfterSchool... ✓ neschimbat (full)
✓ neschimbat (full)
[52/180] Schnuffelgarten Creșă Grădiniță & Afte... ✓ neschimbat (full)
✓ neschimbat (full)
[53/180] After School Rainbow Kids... ✓ neschimbat (full)
✓ neschimbat (full)
[54/180] After school Micul Scolar... ✓ neschimbat (full)
✓ neschimbat (full)
[55/180] After School Zmeul Albastru... ✓ neschimbat (full)
✓ neschimbat (full)
[56/180] LU-LU Gradinita Afterschool Club... ✓ neschimbat (full)
✓ neschimbat (full)
[57/180] Learn In After School... ✓ neschimbat (full)
✓ neschimbat (full)
[58/180] V&M Kids After&Before School... ✓ neschimbat (full)
✓ neschimbat (full)
[59/180] Gradinita Licuricii... ✓ neschimbat (full)
✓ neschimbat (full)
[60/180] DallesGO... ✓ neschimbat (full)
✓ neschimbat (full)
[61/180] Abc Kids Ozana - After and Before Cent... ✓ neschimbat (full)
✓ neschimbat (full)
[62/180] After Lollipops... ✓ neschimbat (full)
✓ neschimbat (full)
[63/180] Before&After OSKAR... ✓ neschimbat (full)
✓ neschimbat (full)
[64/180] HiCarla After Class... ✓ neschimbat (full)
✓ neschimbat (full)
[65/180] Dumbo's Club... ✓ neschimbat (full)
✓ neschimbat (full)
[66/180] Motanul Talentat srl... ✏️  disponibilitate: available→unknown
✏️  disponibilitate: available→unknown
[67/180] Alle Kinder Klub... ✓ neschimbat (full)
✓ neschimbat (full)
[68/180] Club extrașcolar educațional KIKI... ✓ neschimbat (full)
✓ neschimbat (full)
[69/180] Castelul Zanelor... ✓ neschimbat (full)
✓ neschimbat (full)
[70/180] Ursuletul... ✏️  disponibilitate: available→unknown
✏️  disponibilitate: available→unknown
[71/180] Coding Playground and more... ✓ neschimbat (full)
✓ neschimbat (full)
[72/180] Sweet Babies... ✓ neschimbat (full)
✓ neschimbat (full)
[73/180] Asociatia Zmeul Albastru... ✓ neschimbat (full)
✓ neschimbat (full)
[74/180] Koamy store... ✓ neschimbat (full)
✓ neschimbat (full)
[75/180] City Kids Afterschool... ✓ neschimbat (full)
✓ neschimbat (full)
[76/180] Shakespeare School Victoriei - Cursuri... ✓ neschimbat (full)
✓ neschimbat (full)
[77/180] Oskar... ✓ neschimbat (full)
✓ neschimbat (full)
[78/180] Central Art Studio... ✓ neschimbat (full)
✓ neschimbat (full)
[79/180] MAGIC SCHOOL EduHub Afterschool... ✏️  pret: 320→200
✏️  pret: 320→200
[80/180] Land of Kids Afterschool... ✓ neschimbat (full)
✓ neschimbat (full)
[81/180] Happy Kids Project - Before & After Sc... ✓ neschimbat (full)
✓ neschimbat (full)
[82/180] Euclid Afterschool... ✓ neschimbat (full)
✓ neschimbat (full)
[83/180] Bell Kinder - Kindergarten & Afterscho... ✓ neschimbat (full)
✓ neschimbat (full)
[84/180] Kindergarten and nursery Angels Academ... ✓ neschimbat (full)
✓ neschimbat (full)
[85/180] Liceul Teoretic "Just 4 Kids"... ✓ neschimbat (full)
✓ neschimbat (full)
[86/180] WhizKidz Hub - Afterschool... ✓ neschimbat (full)
✓ neschimbat (full)
[87/180] Ramy's Kids Afterschool... ✓ neschimbat (full)
✓ neschimbat (full)
[88/180] Smiley After School... ✓ neschimbat (full)
✓ neschimbat (full)
[89/180] Neverland Afterschool... ✏️  preluare: 13:30→08:00
✏️  preluare: 13:30→08:00
[90/180] Abc Kids - After and Before Center Kid... ✓ neschimbat (full)
✓ neschimbat (full)
[91/180] Happy Kids Otopeni... ✓ neschimbat (full)
✓ neschimbat (full)
[92/180] Grădinița IILO - Gradinita Privata Sec... ✓ neschimbat (full)
✓ neschimbat (full)
[93/180] EVIA Kids - sector 4 Afterschool... ✓ neschimbat (full)
✓ neschimbat (full)
[94/180] IQ-EST After School Bucuresti... ✏️  preluare: 10:15→08:00
✏️  preluare: 10:15→08:00
[95/180] Art Kids Club... ✓ neschimbat (full)
✓ neschimbat (full)
[96/180] "WonderKids" Before and After School... ✏️  preluare: ?→08:00
✏️  preluare: ?→08:00
[97/180] Kinderium Before & After School Sector... ✏️  preluare: ?→08:00
✏️  preluare: ?→08:00
[98/180] Soleil Kids... ✓ neschimbat (full)
✓ neschimbat (full)
[99/180] Before & After School Sumire... ✓ neschimbat (full)
✓ neschimbat (full)
[100/180] Kids Adventure Afterschool... ✓ neschimbat (full)
✓ neschimbat (full)
[101/180] CENTRUL EDUCAȚIONAL ȘI AFTER SCHOOL ,,... ✓ neschimbat (full)
✓ neschimbat (full)
[102/180] Alice si taramul fermecat... ✓ neschimbat (full)
✓ neschimbat (full)
[103/180] SOS Planet After School... ✏️  preluare: 16:00→11:30
✏️  preluare: 16:00→11:30
[104/180] Kinderlachen Gradinita Germana & After... ✓ neschimbat (full)
✓ neschimbat (full)
[105/180] EDU&CARE... ✓ neschimbat (full)
✓ neschimbat (full)
[106/180] Anna Afterschool... ✓ neschimbat (full)
✓ neschimbat (full)
[107/180] B-Happy After school... ✓ neschimbat (full)
✓ neschimbat (full)
[108/180] My Universe-Afterschool... ✓ neschimbat (full)
✓ neschimbat (full)
[109/180] Babel Language Militari Residence... ✓ neschimbat (full)
✓ neschimbat (full)
[110/180] Grădinița și Școala Primară SPRINGFIEL... ✏️  disponibilitate: available→unknown
✏️  disponibilitate: available→unknown
[111/180] A&M After School... ✓ neschimbat (full)
✓ neschimbat (full)
[112/180] Creativ Infinit Before, After & Art sc... ✓ neschimbat (full)
✓ neschimbat (full)
[113/180] Maria International School (former Mar... ✓ neschimbat (full)
✓ neschimbat (full)
[114/180] Școala Iepurașul Bocănilă... ✓ neschimbat (full)
✓ neschimbat (full)
[115/180] Grădinița EuroKid 4... ✓ neschimbat (full)
✓ neschimbat (full)
[116/180] Smart&Fun After School Crangasi... ✓ neschimbat (full)
✓ neschimbat (full)
[117/180] Jolly Kids... ✓ neschimbat (full)
✓ neschimbat (full)
[118/180] BRIO KIDS Afterschool & Centru Educați... ✓ neschimbat (full)
✓ neschimbat (full)
[119/180] Asociatia Hands On & After School... ✓ neschimbat (full)
✓ neschimbat (full)
[120/180] Gradinita Before After School Happy Ki... ✓ neschimbat (full)
✓ neschimbat (full)
[121/180] Dreamworld After School... ✓ neschimbat (full)
✓ neschimbat (full)
[122/180] Legendary Party... ✓ neschimbat (full)
✓ neschimbat (full)
[123/180] EDU for Kids Afterschool... ✓ neschimbat (full)
✓ neschimbat (full)
[124/180] Clubul Copiilor Smart Generation... ✓ neschimbat (full)
✓ neschimbat (full)
[125/180] Scoala Atlas - Campus B... ✓ neschimbat (full)
✓ neschimbat (full)
[126/180] Gradinita Rita Veverita... ✓ neschimbat (full)
✓ neschimbat (full)
[127/180] Școlar AS... ✓ neschimbat (full)
✓ neschimbat (full)
[128/180] Kids Club Baneasa... ✓ neschimbat (full)
✓ neschimbat (full)
[129/180] Little Leaders Academy Kindergarten - ... ✓ neschimbat (full)
✓ neschimbat (full)
[130/180] Junior Genius Club... ✓ neschimbat (full)
✓ neschimbat (full)
[131/180] Steaua Nordului... ✓ neschimbat (full)
✓ neschimbat (full)
[132/180] Feli's Kids - Gradinita, After School... ✏️  disponibilitate: unknown→available
✏️  disponibilitate: unknown→available
[133/180] SmartyKids Dorobanti Floreasca - aritm... ✓ neschimbat (full)
✓ neschimbat (full)
[134/180] Kogaion Gifted Academy... ✓ neschimbat (full)
✓ neschimbat (full)
[135/180] GoKidsGo Academy... ✓ neschimbat (full)
✓ neschimbat (full)
[136/180] KIDS' HUB... ✏️  pret: 300→260
✏️  pret: 300→260
[137/180] KIDS POWER PREMIUM SCHOOL... ✓ neschimbat (full)
✓ neschimbat (full)
[138/180] Gradinita - After School Aristokids... ✓ neschimbat (full)
✓ neschimbat (full)
[139/180] Genius Academy Creșă - Grădiniță - Aft... ✓ neschimbat (full)
✓ neschimbat (full)
[140/180] Academia Strumfilor | Gradinita si Cre... ✓ neschimbat (full)
✓ neschimbat (full)
[141/180] Mini Stars Learning Center... ✓ neschimbat (full)
✓ neschimbat (full)
[142/180] SmartyKids Iancului Obor... ✓ neschimbat (full)
✓ neschimbat (full)
[143/180] Montessima Educational... ✏️  preluare: ?→08:00
✏️  preluare: ?→08:00
[144/180] Arons Education Center... ✓ neschimbat (full)
✓ neschimbat (full)
[145/180] Scoala Gimnaziala International PREMIU... ✏️  pret: 500→250
✏️  pret: 500→250
[146/180] Tic Pitic - Grădiniță particulară... ✏️  preluare: 08:00→07:45
✏️  preluare: 08:00→07:45
[147/180] Aurora Afterschool... ✓ neschimbat (full)
✓ neschimbat (full)
[148/180] Gradinita Ziana / Universal Kids Globa... ✓ neschimbat (full)
✓ neschimbat (full)
[149/180] PRO Academy Afterschool... ✓ neschimbat (full)
✓ neschimbat (full)
[150/180] Iuladi Kids... ✓ neschimbat (full)
✓ neschimbat (full)
[151/180] Magic Castle Primary School and Kinder... ✓ neschimbat (full)
✓ neschimbat (full)
[152/180] SC Family Kids SRL... ✓ neschimbat (full)
✓ neschimbat (full)
[153/180] SmartyKids Timpuri Noi - Aritmetică me... ✓ neschimbat (full)
✓ neschimbat (full)
[154/180] MindHub București - Unirii... ✓ neschimbat (full)
✓ neschimbat (full)
[155/180] Just4Kids... ✓ neschimbat (full)
✓ neschimbat (full)
[156/180] Happy Junior... ✓ neschimbat (full)
✓ neschimbat (full)
[157/180] Alex and Friends... ✓ neschimbat (full)
✓ neschimbat (full)
[158/180] Lumea Copilului - Afterschool... ✓ neschimbat (full)
✓ neschimbat (full)
[159/180] Atlanthea Tineretului | Afterschool | ... ✓ neschimbat (full)
✓ neschimbat (full)
[160/180] Gradinita Magic Years... ✓ neschimbat (full)
✓ neschimbat (full)
[161/180] Gradinita HAPPY Junior-sediul 2... ✓ neschimbat (full)
✓ neschimbat (full)
[162/180] King George | International School... ✓ neschimbat (full)
✓ neschimbat (full)
[163/180] Clubul de Educatie Alternativa - Polic... ✓ neschimbat (full)
✓ neschimbat (full)
[164/180] Centrul de Excelenta in Educatie Clubu... ✓ neschimbat (full)
✓ neschimbat (full)
[165/180] Rainbow Kids Kindergarten... ✓ neschimbat (full)
✓ neschimbat (full)
[166/180] "My Universe" Kindergarten... ✓ neschimbat (full)
✓ neschimbat (full)
[167/180] Little Team THE COLLEGE childcare... ✓ neschimbat (full)
✓ neschimbat (full)
[168/180] Turnul Artelor: Afterschool Bilingv Ro... ✓ neschimbat (full)
✓ neschimbat (full)
[169/180] Be Smart Kids Club... ✓ neschimbat (full)
✓ neschimbat (full)
[170/180] Corina Club After School... ✓ neschimbat (full)
✓ neschimbat (full)
[171/180] Gradinita MINIME... ✓ neschimbat (full)
✓ neschimbat (full)
[172/180] Plaza Romania... ✓ neschimbat (full)
✓ neschimbat (full)
[173/180] Kid Station Afterschool... ✓ neschimbat (full)
✓ neschimbat (full)
[174/180] Muzeul Copiilor... ✓ neschimbat (full)
✓ neschimbat (full)
[175/180] Centru de Meditații Sector 4 - EduFami... ✓ neschimbat (full)
✓ neschimbat (full)
[176/180] Anademia - Hub Educational - Ateliere ... ✓ neschimbat (full)
✓ neschimbat (full)
[177/180] Gradinița Centrul Educational Nordic... ✓ neschimbat (full)
✓ neschimbat (full)
[178/180] Echilibria Montessori Education... ✓ neschimbat (full)
✓ neschimbat (full)
[179/180] Gradinita IQest... ✏️  preluare: 10:15→08:00
✏️  preluare: 10:15→08:00
[180/180] Gradinita Lindenblüte... ✓ neschimbat (full)
✓ neschimbat (full)

─────────────────────────────────────────────────────────────────
Modificari disponibilitate: 6

─────────────────────────────────────────────────────────────────
Modificari pret:            9
Modificari orar:            19
Erori:                      0
Urmatoarea verificare completa (lunara) la: 11.04.2026
═════════════════════════════════════════════════════════════════

Modificari disponibilitate: 6
Modificari pret:            9
Modificari orar:            19
Erori:                      0
Urmatoarea verificare completa (lunara) la: 11.04.2026
═════════════════════════════════════════════════════════════════

EROARE FATALA: no such column: last_checked

═════════════════════════════════════════════════════════════════
[25.03.2026, 21:04:17] Verificare periodica — 180 afterschool-uri
═════════════════════════════════════════════════════════════════
[1/180] Young Academics... 
═════════════════════════════════════════════════════════════════
[25.03.2026, 21:04:17] Verificare periodica — 180 afterschool-uri
═════════════════════════════════════════════════════════════════
✓ neschimbat
✓ neschimbat
[2/180] Smart Education... ✓ neschimbat
✓ neschimbat
[3/180] Teddy Bar After School... ✓ neschimbat
✓ neschimbat
[4/180] CoolTure MindS... ✓ neschimbat
✓ neschimbat
[5/180] After School WiNGS... ✓ neschimbat
✓ neschimbat
[6/180] EduFriends... ✓ neschimbat
✓ neschimbat
[7/180] SAGA Kid... ✓ neschimbat
✓ neschimbat
[8/180] Diandra After School... ✓ neschimbat
✓ neschimbat
[9/180] Joe After School (JSCK)... ✓ neschimbat
✓ neschimbat
[10/180] Clubul Micilor Aristocrati... ✓ neschimbat
✓ neschimbat
[11/180] International Premium School... ✓ neschimbat
✓ neschimbat
[12/180] Step Up School... ✓ neschimbat
✓ neschimbat
[13/180] Scoala Atlas - Campus A... ✓ neschimbat
✓ neschimbat
[14/180] ForEvEr Afterschool... ✓ neschimbat
✓ neschimbat
[15/180] Happy Kids After School... ✓ neschimbat
✓ neschimbat
[16/180] Little Stars After School... ✓ neschimbat
✓ neschimbat
[17/180] Scoala Luca... ✓ neschimbat
✓ neschimbat
[18/180] Free Minds Builders... ✓ neschimbat
✓ neschimbat
[19/180] Aristokids... ✓ neschimbat
✓ neschimbat
[20/180] LIFE is Cool - Aviatiei... ✓ neschimbat
✓ neschimbat
[21/180] Pache EduCenter... ✓ neschimbat
✓ neschimbat
[22/180] Gradinita Primii Pasi - AfterSchool... ✓ neschimbat
✓ neschimbat
[23/180] Castelul Fermecat... ✓ neschimbat
✓ neschimbat
[24/180] LIFE is Cool - Titan... ✓ neschimbat
✓ neschimbat
[25/180] Elefantelul Curios... ✓ neschimbat
✓ neschimbat
[26/180] Kids Palace After School... ✓ neschimbat
✓ neschimbat
[27/180] Focus Kids... ✓ neschimbat
✓ neschimbat
[28/180] Militari After School... ✓ neschimbat
✓ neschimbat
[29/180] After School Sector 1 (Baneasa)... ✓ neschimbat
✓ neschimbat
[30/180] Afterschool Sarida... ✓ neschimbat
✓ neschimbat
[31/180] Educație Pozitivă After-School... ✓ neschimbat
✓ neschimbat
[32/180] After School Georgi... ✓ neschimbat
✓ neschimbat
[33/180] After-school Cei Trei Muschetari... ✓ neschimbat
✓ neschimbat
[34/180] After school Stelutele... ✓ neschimbat
✓ neschimbat
[35/180] Kreative Kids After School... ✓ neschimbat
✓ neschimbat
[36/180] After Robotics School... ✓ neschimbat
✓ neschimbat
[37/180] After School Drumul Taberei (Fun4All)... ✓ neschimbat
✓ neschimbat
[38/180] After School Crangasi... ✓ neschimbat
✓ neschimbat
[39/180] Gradinita Piticii Nostri AfterSchool... ✓ neschimbat
✓ neschimbat
[40/180] Afterschool Frensi Club... ✓ neschimbat
✓ neschimbat
[41/180] Afterschool Poveștile lui Anais... ✓ neschimbat
✓ neschimbat
[42/180] After school Adeland... ✓ neschimbat
✓ neschimbat
[43/180] After School Hora... ✏️  disponibilitate: unknown→available
✏️  disponibilitate: unknown→available
[44/180] Grădinița BritAcademy AfterSchool... ✓ neschimbat
✓ neschimbat
[45/180] HappyTime Gradinita & After School... ✓ neschimbat
✓ neschimbat
[46/180] Kiddo Clubhouse After School... ✓ neschimbat
✓ neschimbat
[47/180] Paradisul Copiilor AfterSchool... ✓ neschimbat
✓ neschimbat
[48/180] After School IQ EST... ✓ neschimbat
✓ neschimbat
[49/180] GroupOne AfterSchool București... ✓ neschimbat
✓ neschimbat
[50/180] Alpha Kids Club AfterSchool Măgurele... ✓ neschimbat
✓ neschimbat
[51/180] KeiKo AfterSchool... ✓ neschimbat
✓ neschimbat
[52/180] Schnuffelgarten Creșă Grădiniță & Afte... ✓ neschimbat
✓ neschimbat
[53/180] After School Rainbow Kids... ✓ neschimbat
✓ neschimbat
[54/180] After school Micul Scolar... ✓ neschimbat
✓ neschimbat
[55/180] After School Zmeul Albastru... ✓ neschimbat
✓ neschimbat
[56/180] LU-LU Gradinita Afterschool Club... ✓ neschimbat
✓ neschimbat
[57/180] Learn In After School... ✓ neschimbat
✓ neschimbat
[58/180] V&M Kids After&Before School... ✓ neschimbat
✓ neschimbat
[59/180] Gradinita Licuricii... ✓ neschimbat
✓ neschimbat
[60/180] DallesGO... ✓ neschimbat
✓ neschimbat
[61/180] Abc Kids Ozana - After and Before Cent... ✓ neschimbat
✓ neschimbat
[62/180] After Lollipops... ✓ neschimbat
✓ neschimbat
[63/180] Before&After OSKAR... ✓ neschimbat
✓ neschimbat
[64/180] HiCarla After Class... ✓ neschimbat
✓ neschimbat
[65/180] Dumbo's Club... ✓ neschimbat
✓ neschimbat
[66/180] Motanul Talentat srl... ✏️  disponibilitate: unknown→available
✏️  disponibilitate: unknown→available
[67/180] Alle Kinder Klub... ✓ neschimbat
✓ neschimbat
[68/180] Club extrașcolar educațional KIKI... ✓ neschimbat
✓ neschimbat
[69/180] Castelul Zanelor... ✓ neschimbat
✓ neschimbat
[70/180] Ursuletul... ✏️  disponibilitate: unknown→available
✏️  disponibilitate: unknown→available
[71/180] Coding Playground and more... ✓ neschimbat
✓ neschimbat
[72/180] Sweet Babies... ✓ neschimbat
✓ neschimbat
[73/180] Asociatia Zmeul Albastru... ✓ neschimbat
✓ neschimbat
[74/180] Koamy store... ✓ neschimbat
✓ neschimbat
[75/180] City Kids Afterschool... ✓ neschimbat
✓ neschimbat
[76/180] Shakespeare School Victoriei - Cursuri... ✓ neschimbat
✓ neschimbat
[77/180] Oskar... ✓ neschimbat
✓ neschimbat
[78/180] Central Art Studio... ✓ neschimbat
✓ neschimbat
[79/180] MAGIC SCHOOL EduHub Afterschool... ✓ neschimbat
✓ neschimbat
[80/180] Land of Kids Afterschool... ✓ neschimbat
✓ neschimbat
[81/180] Happy Kids Project - Before & After Sc... ✓ neschimbat
✓ neschimbat
[82/180] Euclid Afterschool... ✓ neschimbat
✓ neschimbat
[83/180] Bell Kinder - Kindergarten & Afterscho... ✓ neschimbat
✓ neschimbat
[84/180] Kindergarten and nursery Angels Academ... ✓ neschimbat
✓ neschimbat
[85/180] Liceul Teoretic "Just 4 Kids"... ✓ neschimbat
✓ neschimbat
[86/180] WhizKidz Hub - Afterschool... ✓ neschimbat
✓ neschimbat
[87/180] Ramy's Kids Afterschool... ✓ neschimbat
✓ neschimbat
[88/180] Smiley After School... ✓ neschimbat
✓ neschimbat
[89/180] Neverland Afterschool... ✓ neschimbat
✓ neschimbat
[90/180] Abc Kids - After and Before Center Kid... ✓ neschimbat
✓ neschimbat
[91/180] Happy Kids Otopeni... ✓ neschimbat
✓ neschimbat
[92/180] Grădinița IILO - Gradinita Privata Sec... ✓ neschimbat
✓ neschimbat
[93/180] EVIA Kids - sector 4 Afterschool... ✓ neschimbat
✓ neschimbat
[94/180] IQ-EST After School Bucuresti... ✓ neschimbat
✓ neschimbat
[95/180] Art Kids Club... ✓ neschimbat
✓ neschimbat
[96/180] "WonderKids" Before and After School... ✓ neschimbat
✓ neschimbat
[97/180] Kinderium Before & After School Sector... ✓ neschimbat
✓ neschimbat
[98/180] Soleil Kids... ✓ neschimbat
✓ neschimbat
[99/180] Before & After School Sumire... ✓ neschimbat
✓ neschimbat
[100/180] Kids Adventure Afterschool... ✓ neschimbat
✓ neschimbat
[101/180] CENTRUL EDUCAȚIONAL ȘI AFTER SCHOOL ,,... ✓ neschimbat
✓ neschimbat
[102/180] Alice si taramul fermecat... ✓ neschimbat
✓ neschimbat
[103/180] SOS Planet After School... ✓ neschimbat
✓ neschimbat
[104/180] Kinderlachen Gradinita Germana & After... ✓ neschimbat
✓ neschimbat
[105/180] EDU&CARE... ✓ neschimbat
✓ neschimbat
[106/180] Anna Afterschool... ✓ neschimbat
✓ neschimbat
[107/180] B-Happy After school... ✓ neschimbat
✓ neschimbat
[108/180] My Universe-Afterschool... ✓ neschimbat
✓ neschimbat
[109/180] Babel Language Militari Residence... ✓ neschimbat
✓ neschimbat
[110/180] Grădinița și Școala Primară SPRINGFIEL... ✓ neschimbat
✓ neschimbat
[111/180] A&M After School... ✓ neschimbat
✓ neschimbat
[112/180] Creativ Infinit Before, After & Art sc... ✓ neschimbat
✓ neschimbat
[113/180] Maria International School (former Mar... ✓ neschimbat
✓ neschimbat
[114/180] Școala Iepurașul Bocănilă... ✓ neschimbat
✓ neschimbat
[115/180] Grădinița EuroKid 4... ✓ neschimbat
✓ neschimbat
[116/180] Smart&Fun After School Crangasi... ✓ neschimbat
✓ neschimbat
[117/180] Jolly Kids... ✓ neschimbat
✓ neschimbat
[118/180] BRIO KIDS Afterschool & Centru Educați... ✓ neschimbat
✓ neschimbat
[119/180] Asociatia Hands On & After School... ✓ neschimbat
✓ neschimbat
[120/180] Gradinita Before After School Happy Ki... ✓ neschimbat
✓ neschimbat
[121/180] Dreamworld After School... ✓ neschimbat
✓ neschimbat
[122/180] Legendary Party... ✓ neschimbat
✓ neschimbat
[123/180] EDU for Kids Afterschool... ✓ neschimbat
✓ neschimbat
[124/180] Clubul Copiilor Smart Generation... ✓ neschimbat
✓ neschimbat
[125/180] Scoala Atlas - Campus B... ✓ neschimbat
✓ neschimbat
[126/180] Gradinita Rita Veverita... ✓ neschimbat
✓ neschimbat
[127/180] Școlar AS... ✓ neschimbat
✓ neschimbat
[128/180] Kids Club Baneasa... ✓ neschimbat
✓ neschimbat
[129/180] Little Leaders Academy Kindergarten - ... ✓ neschimbat
✓ neschimbat
[130/180] Junior Genius Club... ✓ neschimbat
✓ neschimbat
[131/180] Steaua Nordului... ✓ neschimbat
✓ neschimbat
[132/180] Feli's Kids - Gradinita, After School... ✓ neschimbat
✓ neschimbat
[133/180] SmartyKids Dorobanti Floreasca - aritm... ✓ neschimbat
✓ neschimbat
[134/180] Kogaion Gifted Academy... ✓ neschimbat
✓ neschimbat
[135/180] GoKidsGo Academy... ✓ neschimbat
✓ neschimbat
[136/180] KIDS' HUB... ✓ neschimbat
✓ neschimbat
[137/180] KIDS POWER PREMIUM SCHOOL... ✓ neschimbat
✓ neschimbat
[138/180] Gradinita - After School Aristokids... ✓ neschimbat
✓ neschimbat
[139/180] Genius Academy Creșă - Grădiniță - Aft... ✓ neschimbat
✓ neschimbat
[140/180] Academia Strumfilor | Gradinita si Cre... ✓ neschimbat
✓ neschimbat
[141/180] Mini Stars Learning Center... ✓ neschimbat
✓ neschimbat
[142/180] SmartyKids Iancului Obor... ✓ neschimbat
✓ neschimbat
[143/180] Montessima Educational... ✓ neschimbat
✓ neschimbat
[144/180] Arons Education Center... ✓ neschimbat
✓ neschimbat
[145/180] Scoala Gimnaziala International PREMIU... ✓ neschimbat
✓ neschimbat
[146/180] Tic Pitic - Grădiniță particulară... ✓ neschimbat
✓ neschimbat
[147/180] Aurora Afterschool... ✓ neschimbat
✓ neschimbat
[148/180] Gradinita Ziana / Universal Kids Globa... ✓ neschimbat
✓ neschimbat
[149/180] PRO Academy Afterschool... ✓ neschimbat
✓ neschimbat
[150/180] Iuladi Kids... ✓ neschimbat
✓ neschimbat
[151/180] Magic Castle Primary School and Kinder... ✓ neschimbat
✓ neschimbat
[152/180] SC Family Kids SRL... ✓ neschimbat
✓ neschimbat
[153/180] SmartyKids Timpuri Noi - Aritmetică me... ✓ neschimbat
✓ neschimbat
[154/180] MindHub București - Unirii... ✓ neschimbat
✓ neschimbat
[155/180] Just4Kids... ✓ neschimbat
✓ neschimbat
[156/180] Happy Junior... ✓ neschimbat
✓ neschimbat
[157/180] Alex and Friends... ✓ neschimbat
✓ neschimbat
[158/180] Lumea Copilului - Afterschool... ✓ neschimbat
✓ neschimbat
[159/180] Atlanthea Tineretului | Afterschool | ... ✓ neschimbat
✓ neschimbat
[160/180] Gradinita Magic Years... ✓ neschimbat
✓ neschimbat
[161/180] Gradinita HAPPY Junior-sediul 2... ✓ neschimbat
✓ neschimbat
[162/180] King George | International School... ✓ neschimbat
✓ neschimbat
[163/180] Clubul de Educatie Alternativa - Polic... ✓ neschimbat
✓ neschimbat
[164/180] Centrul de Excelenta in Educatie Clubu... ✓ neschimbat
✓ neschimbat
[165/180] Rainbow Kids Kindergarten... ✓ neschimbat
✓ neschimbat
[166/180] "My Universe" Kindergarten... ✓ neschimbat
✓ neschimbat
[167/180] Little Team THE COLLEGE childcare... ✓ neschimbat
✓ neschimbat
[168/180] Turnul Artelor: Afterschool Bilingv Ro... ✓ neschimbat
✓ neschimbat
[169/180] Be Smart Kids Club... ✓ neschimbat
✓ neschimbat
[170/180] Corina Club After School... ✓ neschimbat
✓ neschimbat
[171/180] Gradinita MINIME... ✓ neschimbat
✓ neschimbat
[172/180] Plaza Romania... ✓ neschimbat
✓ neschimbat
[173/180] Kid Station Afterschool... ✓ neschimbat
✓ neschimbat
[174/180] Muzeul Copiilor... ✏️  disponibilitate: available→unknown
✏️  disponibilitate: available→unknown
[175/180] Centru de Meditații Sector 4 - EduFami... ✓ neschimbat
✓ neschimbat
[176/180] Anademia - Hub Educational - Ateliere ... ✓ neschimbat
✓ neschimbat
[177/180] Gradinița Centrul Educational Nordic... ✓ neschimbat
✓ neschimbat
[178/180] Echilibria Montessori Education... ✓ neschimbat
✓ neschimbat
[179/180] Gradinita IQest... ✓ neschimbat
✓ neschimbat
[180/180] Gradinita Lindenblüte... ✓ neschimbat
✓ neschimbat

─────────────────────────────────────────────────────────────────
Modificari disponibilitate: 4

─────────────────────────────────────────────────────────────────
Modificari pret:            0
Modificari orar:            0
Modificari nume:            0
Erori:                      0
═════════════════════════════════════════════════════════════════


🔎 Ultima descoperire: acum 999 zile — se lanseaza discovery...

═════════════════════════════════════════════════════════════════
[25.03.2026, 21:20:04] DISCOVERY — Cautare afterschool-uri si cluburi noi
═════════════════════════════════════════════════════════════════
DB curent: 208 afterschool-uri, 484 cluburi
Modificari disponibilitate: 4
Modificari pret:            0
Modificari orar:            0
Modificari nume:            0
Erori:                      0
═════════════════════════════════════════════════════════════════


🔎 Ultima descoperire: acum 999 zile — se lanseaza discovery...

═════════════════════════════════════════════════════════════════
[25.03.2026, 21:20:04] DISCOVERY — Cautare afterschool-uri si cluburi noi
═════════════════════════════════════════════════════════════════
DB curent: 208 afterschool-uri, 484 cluburi

--- Faza A: Afterschool-uri (6 queries) ---

--- Faza A: Afterschool-uri (6 queries) ---

[1/6] "afterschool sector 1 Bucuresti"

[1/6] "afterschool sector 1 Bucuresti"
  Gasit 0 rezultate
  Gasit 0 rezultate

[2/6] "afterschool sector 2 Bucuresti"

[2/6] "afterschool sector 2 Bucuresti"
  Gasit 0 rezultate
  Gasit 0 rezultate

[3/6] "afterschool sector 3 Bucuresti"

[3/6] "afterschool sector 3 Bucuresti"
  Gasit 0 rezultate
  Gasit 0 rezultate

[4/6] "afterschool sector 4 Bucuresti"

[4/6] "afterschool sector 4 Bucuresti"
  Gasit 0 rezultate
  Gasit 0 rezultate

[5/6] "afterschool sector 5 Bucuresti"

[5/6] "afterschool sector 5 Bucuresti"
  Gasit 0 rezultate
  Gasit 0 rezultate

[6/6] "afterschool sector 6 Bucuresti"

[6/6] "afterschool sector 6 Bucuresti"
  Gasit 0 rezultate
  Gasit 0 rezultate

--- Faza B: Cluburi (18 queries) ---

--- Faza B: Cluburi (18 queries) ---

[1/18] [inot] "bazin inot copii Bucuresti"

[1/18] [inot] "bazin inot copii Bucuresti"
  Gasit 0 rezultate
  Gasit 0 rezultate

[2/18] [inot] "scoala inot copii Bucuresti"

[2/18] [inot] "scoala inot copii Bucuresti"
  Gasit 0 rezultate
  Gasit 0 rezultate

[3/18] [fotbal] "scoala fotbal copii Bucuresti"

[3/18] [fotbal] "scoala fotbal copii Bucuresti"
  Gasit 0 rezultate
  Gasit 0 rezultate

[4/18] [fotbal] "academie fotbal copii Bucuresti"

[4/18] [fotbal] "academie fotbal copii Bucuresti"
  Gasit 0 rezultate
  Gasit 0 rezultate

[5/18] [dansuri] "scoala dans copii Bucuresti"

[5/18] [dansuri] "scoala dans copii Bucuresti"
  Gasit 0 rezultate
  Gasit 0 rezultate

[6/18] [dansuri] "balet copii Bucuresti"

[6/18] [dansuri] "balet copii Bucuresti"
  Gasit 0 rezultate
  Gasit 0 rezultate

[7/18] [arte_martiale] "karate copii Bucuresti"

[7/18] [arte_martiale] "karate copii Bucuresti"
  Gasit 0 rezultate
  Gasit 0 rezultate

[8/18] [arte_martiale] "arte martiale copii Bucuresti"

[8/18] [arte_martiale] "arte martiale copii Bucuresti"
  Gasit 0 rezultate
  Gasit 0 rezultate

[9/18] [gimnastica] "gimnastica copii Bucuresti"

[9/18] [gimnastica] "gimnastica copii Bucuresti"
  Gasit 0 rezultate
  Gasit 0 rezultate

[10/18] [gimnastica] "gimnastica ritmica copii Bucuresti"

[10/18] [gimnastica] "gimnastica ritmica copii Bucuresti"
  Gasit 0 rezultate
  Gasit 0 rezultate

[11/18] [limbi_straine] "cursuri engleza copii Bucuresti"

[11/18] [limbi_straine] "cursuri engleza copii Bucuresti"
  Gasit 0 rezultate
  Gasit 0 rezultate

[12/18] [limbi_straine] "centru limbi straine copii Bucuresti"

[12/18] [limbi_straine] "centru limbi straine copii Bucuresti"
  Gasit 0 rezultate
  Gasit 0 rezultate

[13/18] [robotica] "robotica copii Bucuresti"

[13/18] [robotica] "robotica copii Bucuresti"
  Gasit 0 rezultate
  Gasit 0 rezultate

[14/18] [robotica] "programare copii Bucuresti"

[14/18] [robotica] "programare copii Bucuresti"
  Gasit 0 rezultate
  Gasit 0 rezultate

[15/18] [muzica] "scoala muzica copii Bucuresti"

[15/18] [muzica] "scoala muzica copii Bucuresti"
  Gasit 0 rezultate
  Gasit 0 rezultate

[16/18] [muzica] "lectii pian copii Bucuresti"

[16/18] [muzica] "lectii pian copii Bucuresti"
  Gasit 0 rezultate
  Gasit 0 rezultate

[17/18] [arte_creative] "atelier pictura copii Bucuresti"

[17/18] [arte_creative] "atelier pictura copii Bucuresti"
  Gasit 0 rezultate
  Gasit 0 rezultate

[18/18] [arte_creative] "cursuri desen copii Bucuresti"

[18/18] [arte_creative] "cursuri desen copii Bucuresti"
  Gasit 0 rezultate
  Gasit 0 rezultate

─────────────────────────────────────────────────────────────────
[DISCOVERY] Afterschool-uri noi: 0

─────────────────────────────────────────────────────────────────
[DISCOVERY] Cluburi noi:         0
[DISCOVERY] Total noi:           0
═════════════════════════════════════════════════════════════════

✅ Discovery finalizat: 0 afterschool-uri noi, 0 cluburi noi
✅ Discovery finalizat: 0 afterschool-uri noi, 0 cluburi noi
💾 Raport salvat in baza de date
[DISCOVERY] Afterschool-uri noi: 0
[DISCOVERY] Cluburi noi:         0
[DISCOVERY] Total noi:           0
═════════════════════════════════════════════════════════════════

💾 Raport salvat in baza de date

═════════════════════════════════════════════════════════════════
[25.03.2026, 21:47:29] Verificare periodica — 180 afterschool-uri
═════════════════════════════════════════════════════════════════
[1/180] Young Academics... 
═════════════════════════════════════════════════════════════════
[25.03.2026, 21:47:29] Verificare periodica — 180 afterschool-uri
═════════════════════════════════════════════════════════════════
✓ neschimbat
✓ neschimbat
[2/180] Smart Education... ✓ neschimbat
✓ neschimbat
[3/180] Teddy Bar After School... ✓ neschimbat
✓ neschimbat
[4/180] CoolTure MindS... ✓ neschimbat
✓ neschimbat
[5/180] After School WiNGS... ✓ neschimbat
✓ neschimbat
[6/180] EduFriends... ✓ neschimbat
✓ neschimbat
[7/180] SAGA Kid... ✓ neschimbat
✓ neschimbat
[8/180] Diandra After School... ✓ neschimbat
✓ neschimbat
[9/180] Joe After School (JSCK)... ✓ neschimbat
✓ neschimbat
[10/180] Clubul Micilor Aristocrati... ✓ neschimbat
✓ neschimbat
[11/180] International Premium School... ✓ neschimbat
✓ neschimbat
[12/180] Step Up School... ✓ neschimbat
✓ neschimbat
[13/180] Scoala Atlas - Campus A... ✓ neschimbat
✓ neschimbat
[14/180] ForEvEr Afterschool... ✓ neschimbat
✓ neschimbat
[15/180] Happy Kids After School... ✓ neschimbat
✓ neschimbat
[16/180] Little Stars After School... ✓ neschimbat
✓ neschimbat
[17/180] Scoala Luca... ✓ neschimbat
✓ neschimbat
[18/180] Free Minds Builders... ✓ neschimbat
✓ neschimbat
[19/180] Aristokids... ✓ neschimbat
✓ neschimbat
[20/180] LIFE is Cool - Aviatiei... ✓ neschimbat
✓ neschimbat
[21/180] Pache EduCenter... ✓ neschimbat
✓ neschimbat
[22/180] Gradinita Primii Pasi - AfterSchool... ✓ neschimbat
✓ neschimbat
[23/180] Castelul Fermecat... ✓ neschimbat
✓ neschimbat
[24/180] LIFE is Cool - Titan... ✓ neschimbat
✓ neschimbat
[25/180] Elefantelul Curios... ✓ neschimbat
✓ neschimbat
[26/180] Kids Palace After School... ✓ neschimbat
✓ neschimbat
[27/180] Focus Kids... ✓ neschimbat
✓ neschimbat
[28/180] Militari After School... ✓ neschimbat
✓ neschimbat
[29/180] After School Sector 1 (Baneasa)... ✓ neschimbat
✓ neschimbat
[30/180] Afterschool Sarida... ✓ neschimbat
✓ neschimbat
[31/180] Educație Pozitivă After-School... ✓ neschimbat
✓ neschimbat
[32/180] After School Georgi... ✓ neschimbat
✓ neschimbat
[33/180] After-school Cei Trei Muschetari... ✓ neschimbat
✓ neschimbat
[34/180] After school Stelutele... ✓ neschimbat
✓ neschimbat
[35/180] Kreative Kids After School... ✓ neschimbat
✓ neschimbat
[36/180] After Robotics School... ✓ neschimbat
✓ neschimbat
[37/180] After School Drumul Taberei (Fun4All)... ✓ neschimbat
✓ neschimbat
[38/180] After School Crangasi... ✓ neschimbat
✓ neschimbat
[39/180] Gradinita Piticii Nostri AfterSchool... ✓ neschimbat
✓ neschimbat
[40/180] Afterschool Frensi Club... ✓ neschimbat
✓ neschimbat
[41/180] Afterschool Poveștile lui Anais... ✓ neschimbat
✓ neschimbat
[42/180] After school Adeland... ✓ neschimbat
✓ neschimbat
[43/180] After School Hora... ✏️  disponibilitate: unknown→available
✏️  disponibilitate: unknown→available
[44/180] Grădinița BritAcademy AfterSchool... ✓ neschimbat
✓ neschimbat
[45/180] HappyTime Gradinita & After School... ✓ neschimbat
✓ neschimbat
[46/180] Kiddo Clubhouse After School... ✓ neschimbat
✓ neschimbat
[47/180] Paradisul Copiilor AfterSchool... ✓ neschimbat
✓ neschimbat
[48/180] After School IQ EST... ✓ neschimbat
✓ neschimbat
[49/180] GroupOne AfterSchool București... ✓ neschimbat
✓ neschimbat
[50/180] Alpha Kids Club AfterSchool Măgurele... ✓ neschimbat
✓ neschimbat
[51/180] KeiKo AfterSchool... ✓ neschimbat
✓ neschimbat
[52/180] Schnuffelgarten Creșă Grădiniță & Afte... ✓ neschimbat
✓ neschimbat
[53/180] After School Rainbow Kids... ✓ neschimbat
✓ neschimbat
[54/180] After school Micul Scolar... ✓ neschimbat
✓ neschimbat
[55/180] After School Zmeul Albastru... ✓ neschimbat
✓ neschimbat
[56/180] LU-LU Gradinita Afterschool Club... ✓ neschimbat
✓ neschimbat
[57/180] Learn In After School... ✓ neschimbat
✓ neschimbat
[58/180] V&M Kids After&Before School... ✓ neschimbat
✓ neschimbat
[59/180] Gradinita Licuricii... ✓ neschimbat
✓ neschimbat
[60/180] DallesGO... ✓ neschimbat
✓ neschimbat
[61/180] Abc Kids Ozana - After and Before Cent... ✓ neschimbat
✓ neschimbat
[62/180] After Lollipops... ✓ neschimbat
✓ neschimbat
[63/180] Before&After OSKAR... ✓ neschimbat
✓ neschimbat
[64/180] HiCarla After Class... ✓ neschimbat
✓ neschimbat
[65/180] Dumbo's Club... ✓ neschimbat
✓ neschimbat
[66/180] Motanul Talentat srl... ✏️  disponibilitate: unknown→available
✏️  disponibilitate: unknown→available
[67/180] Alle Kinder Klub... ✓ neschimbat
✓ neschimbat
[68/180] Club extrașcolar educațional KIKI... ✓ neschimbat
✓ neschimbat
[69/180] Castelul Zanelor... ✓ neschimbat
✓ neschimbat
[70/180] Ursuletul... ✏️  disponibilitate: unknown→available
✏️  disponibilitate: unknown→available
[71/180] Coding Playground and more... ✓ neschimbat
✓ neschimbat
[72/180] Sweet Babies... ✓ neschimbat
✓ neschimbat
[73/180] Asociatia Zmeul Albastru... ✓ neschimbat
✓ neschimbat
[74/180] Koamy store... ✓ neschimbat
✓ neschimbat
[75/180] City Kids Afterschool... ✓ neschimbat
✓ neschimbat
[76/180] Shakespeare School Victoriei - Cursuri... ✓ neschimbat
✓ neschimbat
[77/180] Oskar... ✓ neschimbat
✓ neschimbat
[78/180] Central Art Studio... ✓ neschimbat
✓ neschimbat
[79/180] MAGIC SCHOOL EduHub Afterschool... ✓ neschimbat
✓ neschimbat
[80/180] Land of Kids Afterschool... ✓ neschimbat
✓ neschimbat
[81/180] Happy Kids Project - Before & After Sc... ✓ neschimbat
✓ neschimbat
[82/180] Euclid Afterschool... ✓ neschimbat
✓ neschimbat
[83/180] Bell Kinder - Kindergarten & Afterscho... ✓ neschimbat
✓ neschimbat
[84/180] Kindergarten and nursery Angels Academ... ✓ neschimbat
✓ neschimbat
[85/180] Liceul Teoretic "Just 4 Kids"... ✓ neschimbat
✓ neschimbat
[86/180] WhizKidz Hub - Afterschool... ✓ neschimbat
✓ neschimbat
[87/180] Ramy's Kids Afterschool... ✓ neschimbat
✓ neschimbat
[88/180] Smiley After School... ✓ neschimbat
✓ neschimbat
[89/180] Neverland Afterschool... ✓ neschimbat
✓ neschimbat
[90/180] Abc Kids - After and Before Center Kid... ✓ neschimbat
✓ neschimbat
[91/180] Happy Kids Otopeni... ✓ neschimbat
✓ neschimbat
[92/180] Grădinița IILO - Gradinita Privata Sec... ✓ neschimbat
✓ neschimbat
[93/180] EVIA Kids - sector 4 Afterschool... ✓ neschimbat
✓ neschimbat
[94/180] IQ-EST After School Bucuresti... ✓ neschimbat
✓ neschimbat
[95/180] Art Kids Club... ✓ neschimbat
✓ neschimbat
[96/180] "WonderKids" Before and After School... ✓ neschimbat
✓ neschimbat
[97/180] Kinderium Before & After School Sector... ✓ neschimbat
✓ neschimbat
[98/180] Soleil Kids... ✓ neschimbat
✓ neschimbat
[99/180] Before & After School Sumire... ✓ neschimbat
✓ neschimbat
[100/180] Kids Adventure Afterschool... ✓ neschimbat
✓ neschimbat
[101/180] CENTRUL EDUCAȚIONAL ȘI AFTER SCHOOL ,,... ✓ neschimbat
✓ neschimbat
[102/180] Alice si taramul fermecat... ✓ neschimbat
✓ neschimbat
[103/180] SOS Planet After School... ✓ neschimbat
✓ neschimbat
[104/180] Kinderlachen Gradinita Germana & After... ✓ neschimbat
✓ neschimbat
[105/180] EDU&CARE... ✓ neschimbat
✓ neschimbat
[106/180] Anna Afterschool... ✓ neschimbat
✓ neschimbat
[107/180] B-Happy After school... ✓ neschimbat
✓ neschimbat
[108/180] My Universe-Afterschool... ✓ neschimbat
✓ neschimbat
[109/180] Babel Language Militari Residence... ✓ neschimbat
✓ neschimbat
[110/180] Grădinița și Școala Primară SPRINGFIEL... ✓ neschimbat
✓ neschimbat
[111/180] A&M After School... ✓ neschimbat
✓ neschimbat
[112/180] Creativ Infinit Before, After & Art sc... ✓ neschimbat
✓ neschimbat
[113/180] Maria International School (former Mar... ✓ neschimbat
✓ neschimbat
[114/180] Școala Iepurașul Bocănilă... ✓ neschimbat
✓ neschimbat
[115/180] Grădinița EuroKid 4... ✓ neschimbat
✓ neschimbat
[116/180] Smart&Fun After School Crangasi... ✓ neschimbat
✓ neschimbat
[117/180] Jolly Kids... ✓ neschimbat
✓ neschimbat
[118/180] BRIO KIDS Afterschool & Centru Educați... ✓ neschimbat
✓ neschimbat
[119/180] Asociatia Hands On & After School... ✓ neschimbat
✓ neschimbat
[120/180] Gradinita Before After School Happy Ki... ✓ neschimbat
✓ neschimbat
[121/180] Dreamworld After School... ✓ neschimbat
✓ neschimbat
[122/180] Legendary Party... ✓ neschimbat
✓ neschimbat
[123/180] EDU for Kids Afterschool... ✓ neschimbat
✓ neschimbat
[124/180] Clubul Copiilor Smart Generation... ✓ neschimbat
✓ neschimbat
[125/180] Scoala Atlas - Campus B... ✓ neschimbat
✓ neschimbat
[126/180] Gradinita Rita Veverita... ✓ neschimbat
✓ neschimbat
[127/180] Școlar AS... ✓ neschimbat
✓ neschimbat
[128/180] Kids Club Baneasa... ✓ neschimbat
✓ neschimbat
[129/180] Little Leaders Academy Kindergarten - ... ✓ neschimbat
✓ neschimbat
[130/180] Junior Genius Club... ✓ neschimbat
✓ neschimbat
[131/180] Steaua Nordului... ✓ neschimbat
✓ neschimbat
[132/180] Feli's Kids - Gradinita, After School... ✓ neschimbat
✓ neschimbat
[133/180] SmartyKids Dorobanti Floreasca - aritm... ✓ neschimbat
✓ neschimbat
[134/180] Kogaion Gifted Academy... ✓ neschimbat
✓ neschimbat
[135/180] GoKidsGo Academy... ✓ neschimbat
✓ neschimbat
[136/180] KIDS' HUB... ✓ neschimbat
✓ neschimbat
[137/180] KIDS POWER PREMIUM SCHOOL... ✓ neschimbat
✓ neschimbat
[138/180] Gradinita - After School Aristokids... ✓ neschimbat
✓ neschimbat
[139/180] Genius Academy Creșă - Grădiniță - Aft... ✓ neschimbat
✓ neschimbat
[140/180] Academia Strumfilor | Gradinita si Cre... ✓ neschimbat
✓ neschimbat
[141/180] Mini Stars Learning Center... ✓ neschimbat
✓ neschimbat
[142/180] SmartyKids Iancului Obor... ✓ neschimbat
✓ neschimbat
[143/180] Montessima Educational... ✓ neschimbat
✓ neschimbat
[144/180] Arons Education Center... ✓ neschimbat
✓ neschimbat
[145/180] Scoala Gimnaziala International PREMIU... ✓ neschimbat
✓ neschimbat
[146/180] Tic Pitic - Grădiniță particulară... ✓ neschimbat
✓ neschimbat
[147/180] Aurora Afterschool... ✓ neschimbat
✓ neschimbat
[148/180] Gradinita Ziana / Universal Kids Globa... ✓ neschimbat
✓ neschimbat
[149/180] PRO Academy Afterschool... ✓ neschimbat
✓ neschimbat
[150/180] Iuladi Kids... ✓ neschimbat
✓ neschimbat
[151/180] Magic Castle Primary School and Kinder... ✓ neschimbat
✓ neschimbat
[152/180] SC Family Kids SRL... ✓ neschimbat
✓ neschimbat
[153/180] SmartyKids Timpuri Noi - Aritmetică me... ✓ neschimbat
✓ neschimbat
[154/180] MindHub București - Unirii... ✓ neschimbat
✓ neschimbat
[155/180] Just4Kids... ✓ neschimbat
✓ neschimbat
[156/180] Happy Junior... ✓ neschimbat
✓ neschimbat
[157/180] Alex and Friends... ✓ neschimbat
✓ neschimbat
[158/180] Lumea Copilului - Afterschool... ✓ neschimbat
✓ neschimbat
[159/180] Atlanthea Tineretului | Afterschool | ... ✓ neschimbat
✓ neschimbat
[160/180] Gradinita Magic Years... ✓ neschimbat
✓ neschimbat
[161/180] Gradinita HAPPY Junior-sediul 2... ✓ neschimbat
✓ neschimbat
[162/180] King George | International School... ✓ neschimbat
✓ neschimbat
[163/180] Clubul de Educatie Alternativa - Polic... ✓ neschimbat
✓ neschimbat
[164/180] Centrul de Excelenta in Educatie Clubu... ✓ neschimbat
✓ neschimbat
[165/180] Rainbow Kids Kindergarten... ✓ neschimbat
✓ neschimbat
[166/180] "My Universe" Kindergarten... ✓ neschimbat
✓ neschimbat
[167/180] Little Team THE COLLEGE childcare... ✓ neschimbat
✓ neschimbat
[168/180] Turnul Artelor: Afterschool Bilingv Ro... ✓ neschimbat
✓ neschimbat
[169/180] Be Smart Kids Club... ✓ neschimbat
✓ neschimbat
[170/180] Corina Club After School... ✓ neschimbat
✓ neschimbat
[171/180] Gradinita MINIME... ✓ neschimbat
✓ neschimbat
[172/180] Plaza Romania... ✓ neschimbat
✓ neschimbat
[173/180] Kid Station Afterschool... ✓ neschimbat
✓ neschimbat
[174/180] Muzeul Copiilor... ✏️  disponibilitate: available→unknown
✏️  disponibilitate: available→unknown
[175/180] Centru de Meditații Sector 4 - EduFami... ✓ neschimbat
✓ neschimbat
[176/180] Anademia - Hub Educational - Ateliere ... 
═════════════════════════════════════════════════════════════════
[31.03.2026, 13:41:15] Verificare periodica — 180 afterschool-uri
═════════════════════════════════════════════════════════════════
[1/180] Young Academics... 
═════════════════════════════════════════════════════════════════
[31.03.2026, 13:41:15] Verificare periodica — 180 afterschool-uri
═════════════════════════════════════════════════════════════════
✓ neschimbat
✓ neschimbat
[2/180] Smart Education... ✓ neschimbat
✓ neschimbat
[3/180] Teddy Bar After School... ✓ neschimbat
✓ neschimbat
[4/180] CoolTure MindS... ✓ neschimbat
✓ neschimbat
[5/180] After School WiNGS... ✓ neschimbat
✓ neschimbat
[6/180] EduFriends... ✓ neschimbat
✓ neschimbat
[7/180] SAGA Kid... ✓ neschimbat
✓ neschimbat
[8/180] Diandra After School... ✓ neschimbat
✓ neschimbat
[9/180] Joe After School (JSCK)... ✓ neschimbat
✓ neschimbat
[10/180] Clubul Micilor Aristocrati... ✓ neschimbat
✓ neschimbat
[11/180] International Premium School... ✓ neschimbat
✓ neschimbat
[12/180] Step Up School... ✓ neschimbat
✓ neschimbat
[13/180] Scoala Atlas - Campus A... ✓ neschimbat
✓ neschimbat
[14/180] ForEvEr Afterschool... ✓ neschimbat
✓ neschimbat
[15/180] Happy Kids After School... ✓ neschimbat
✓ neschimbat
[16/180] Little Stars After School... ✓ neschimbat
✓ neschimbat
[17/180] Scoala Luca... ✓ neschimbat
✓ neschimbat
[18/180] Free Minds Builders... ✓ neschimbat
✓ neschimbat
[19/180] Aristokids... ✓ neschimbat
✓ neschimbat
[20/180] LIFE is Cool - Aviatiei... ✓ neschimbat
✓ neschimbat
[21/180] Pache EduCenter... ✓ neschimbat
✓ neschimbat
[22/180] Gradinita Primii Pasi - AfterSchool... ✓ neschimbat
✓ neschimbat
[23/180] Castelul Fermecat... ✓ neschimbat
✓ neschimbat
[24/180] LIFE is Cool - Titan... ✓ neschimbat
✓ neschimbat
[25/180] Elefantelul Curios... ✓ neschimbat
✓ neschimbat
[26/180] Kids Palace After School... ✓ neschimbat
✓ neschimbat
[27/180] Focus Kids... ✓ neschimbat
✓ neschimbat
[28/180] Militari After School... ✓ neschimbat
✓ neschimbat
[29/180] After School Sector 1 (Baneasa)... ✓ neschimbat
✓ neschimbat
[30/180] Afterschool Sarida... ✓ neschimbat
✓ neschimbat
[31/180] Educație Pozitivă After-School... ✓ neschimbat
✓ neschimbat
[32/180] After School Georgi... ✓ neschimbat
✓ neschimbat
[33/180] After-school Cei Trei Muschetari... ✓ neschimbat
✓ neschimbat
[34/180] After school Stelutele... ✓ neschimbat
✓ neschimbat
[35/180] Kreative Kids After School... ✓ neschimbat
✓ neschimbat
[36/180] After Robotics School... ✓ neschimbat
✓ neschimbat
[37/180] After School Drumul Taberei (Fun4All)... ✓ neschimbat
✓ neschimbat
[38/180] After School Crangasi... ✓ neschimbat
✓ neschimbat
[39/180] Gradinita Piticii Nostri AfterSchool... ✓ neschimbat
✓ neschimbat
[40/180] Afterschool Frensi Club... ✓ neschimbat
✓ neschimbat
[41/180] Afterschool Poveștile lui Anais... ✓ neschimbat
✓ neschimbat
[42/180] After school Adeland... ✓ neschimbat
✓ neschimbat
[43/180] After School Hora... ✏️  disponibilitate: unknown→available
✏️  disponibilitate: unknown→available
[44/180] Grădinița BritAcademy AfterSchool... ✓ neschimbat
✓ neschimbat
[45/180] HappyTime Gradinita & After School... ✓ neschimbat
✓ neschimbat
[46/180] Kiddo Clubhouse After School... ✓ neschimbat
✓ neschimbat
[47/180] Paradisul Copiilor AfterSchool... ✓ neschimbat
✓ neschimbat
[48/180] After School IQ EST... ✓ neschimbat
✓ neschimbat
[49/180] GroupOne AfterSchool București... ✓ neschimbat
✓ neschimbat
[50/180] Alpha Kids Club AfterSchool Măgurele... ✓ neschimbat
✓ neschimbat
[51/180] KeiKo AfterSchool... ✓ neschimbat
✓ neschimbat
[52/180] Schnuffelgarten Creșă Grădiniță & Afte... ✓ neschimbat
✓ neschimbat
[53/180] After School Rainbow Kids... ✓ neschimbat
✓ neschimbat
[54/180] After school Micul Scolar... ✓ neschimbat
✓ neschimbat
[55/180] After School Zmeul Albastru... ✓ neschimbat
✓ neschimbat
[56/180] LU-LU Gradinita Afterschool Club... ✓ neschimbat
✓ neschimbat
[57/180] Learn In After School... ✓ neschimbat
✓ neschimbat
[58/180] V&M Kids After&Before School... ✓ neschimbat
✓ neschimbat
[59/180] Gradinita Licuricii... ✓ neschimbat
✓ neschimbat
[60/180] DallesGO... ✓ neschimbat
✓ neschimbat
[61/180] Abc Kids Ozana - After and Before Cent... ✓ neschimbat
✓ neschimbat
[62/180] After Lollipops... ✓ neschimbat
✓ neschimbat
[63/180] Before&After OSKAR... ✓ neschimbat
✓ neschimbat
[64/180] HiCarla After Class... ✓ neschimbat
✓ neschimbat
[65/180] Dumbo's Club... ✓ neschimbat
✓ neschimbat
[66/180] Motanul Talentat srl... ✏️  disponibilitate: unknown→available
✏️  disponibilitate: unknown→available
[67/180] Alle Kinder Klub... ✓ neschimbat
✓ neschimbat
[68/180] Club extrașcolar educațional KIKI... ✓ neschimbat
✓ neschimbat
[69/180] Castelul Zanelor... ✓ neschimbat
✓ neschimbat
[70/180] Ursuletul... ✏️  disponibilitate: unknown→available
✏️  disponibilitate: unknown→available
[71/180] Coding Playground and more... ✓ neschimbat
✓ neschimbat
[72/180] Sweet Babies... ✓ neschimbat
✓ neschimbat
[73/180] Asociatia Zmeul Albastru... ✓ neschimbat
✓ neschimbat
[74/180] Koamy store... ✓ neschimbat
✓ neschimbat
[75/180] City Kids Afterschool... ✓ neschimbat
✓ neschimbat
[76/180] Shakespeare School Victoriei - Cursuri... ✓ neschimbat
✓ neschimbat
[77/180] Oskar... ✓ neschimbat
✓ neschimbat
[78/180] Central Art Studio... ✓ neschimbat
✓ neschimbat
[79/180] MAGIC SCHOOL EduHub Afterschool... ✓ neschimbat
✓ neschimbat
[80/180] Land of Kids Afterschool... ✓ neschimbat
✓ neschimbat
[81/180] Happy Kids Project - Before & After Sc... ✓ neschimbat
✓ neschimbat
[82/180] Euclid Afterschool... ✓ neschimbat
✓ neschimbat
[83/180] Bell Kinder - Kindergarten & Afterscho... ✓ neschimbat
✓ neschimbat
[84/180] Kindergarten and nursery Angels Academ... ✓ neschimbat
✓ neschimbat
[85/180] Liceul Teoretic "Just 4 Kids"... ✓ neschimbat
✓ neschimbat
[86/180] WhizKidz Hub - Afterschool... ✓ neschimbat
✓ neschimbat
[87/180] Ramy's Kids Afterschool... ✓ neschimbat
✓ neschimbat
[88/180] Smiley After School... ✓ neschimbat
✓ neschimbat
[89/180] Neverland Afterschool... ✓ neschimbat
✓ neschimbat
[90/180] Abc Kids - After and Before Center Kid... ✓ neschimbat
✓ neschimbat
[91/180] Happy Kids Otopeni... ✓ neschimbat
✓ neschimbat
[92/180] Grădinița IILO - Gradinita Privata Sec... ✓ neschimbat
✓ neschimbat
[93/180] EVIA Kids - sector 4 Afterschool... ✓ neschimbat
✓ neschimbat
[94/180] IQ-EST After School Bucuresti... ✓ neschimbat
✓ neschimbat
[95/180] Art Kids Club... ✓ neschimbat
✓ neschimbat
[96/180] "WonderKids" Before and After School... ✓ neschimbat
✓ neschimbat
[97/180] Kinderium Before & After School Sector... ✓ neschimbat
✓ neschimbat
[98/180] Soleil Kids... ✓ neschimbat
✓ neschimbat
[99/180] Before & After School Sumire... ✓ neschimbat
✓ neschimbat
[100/180] Kids Adventure Afterschool... ✓ neschimbat
✓ neschimbat
[101/180] CENTRUL EDUCAȚIONAL ȘI AFTER SCHOOL ,,... ✓ neschimbat
✓ neschimbat
[102/180] Alice si taramul fermecat... ✓ neschimbat
✓ neschimbat
[103/180] SOS Planet After School... ✓ neschimbat
✓ neschimbat
[104/180] Kinderlachen Gradinita Germana & After... ✓ neschimbat
✓ neschimbat
[105/180] EDU&CARE... ✓ neschimbat
✓ neschimbat
[106/180] Anna Afterschool... ✓ neschimbat
✓ neschimbat
[107/180] B-Happy After school... ✓ neschimbat
✓ neschimbat
[108/180] My Universe-Afterschool... ✓ neschimbat
✓ neschimbat
[109/180] Babel Language Militari Residence... ✓ neschimbat
✓ neschimbat
[110/180] Grădinița și Școala Primară SPRINGFIEL... ✓ neschimbat
✓ neschimbat
[111/180] A&M After School... ✓ neschimbat
✓ neschimbat
[112/180] Creativ Infinit Before, After & Art sc... ✓ neschimbat
✓ neschimbat
[113/180] Maria International School (former Mar... ✓ neschimbat
✓ neschimbat
[114/180] Școala Iepurașul Bocănilă... ✓ neschimbat
✓ neschimbat
[115/180] Grădinița EuroKid 4... ✓ neschimbat
✓ neschimbat
[116/180] Smart&Fun After School Crangasi... ✓ neschimbat
✓ neschimbat
[117/180] Jolly Kids... ✓ neschimbat
✓ neschimbat
[118/180] BRIO KIDS Afterschool & Centru Educați... ✓ neschimbat
✓ neschimbat
[119/180] Asociatia Hands On & After School... ✓ neschimbat
✓ neschimbat
[120/180] Gradinita Before After School Happy Ki... ✓ neschimbat
✓ neschimbat
[121/180] Dreamworld After School... ✓ neschimbat
✓ neschimbat
[122/180] Legendary Party... ✓ neschimbat
✓ neschimbat
[123/180] EDU for Kids Afterschool... ✓ neschimbat
✓ neschimbat
[124/180] Clubul Copiilor Smart Generation... ✓ neschimbat
✓ neschimbat
[125/180] Scoala Atlas - Campus B... ✓ neschimbat
✓ neschimbat
[126/180] Gradinita Rita Veverita... ✓ neschimbat
✓ neschimbat
[127/180] Școlar AS... ✓ neschimbat
✓ neschimbat
[128/180] Kids Club Baneasa... ✓ neschimbat
✓ neschimbat
[129/180] Little Leaders Academy Kindergarten - ... ✓ neschimbat
✓ neschimbat
[130/180] Junior Genius Club... ✓ neschimbat
✓ neschimbat
[131/180] Steaua Nordului... ✓ neschimbat
✓ neschimbat
[132/180] Feli's Kids - Gradinita, After School... ✓ neschimbat
✓ neschimbat
[133/180] SmartyKids Dorobanti Floreasca - aritm... ✓ neschimbat
✓ neschimbat
[134/180] Kogaion Gifted Academy... ✓ neschimbat
✓ neschimbat
[135/180] GoKidsGo Academy... ✓ neschimbat
✓ neschimbat
[136/180] KIDS' HUB... ✓ neschimbat
✓ neschimbat
[137/180] KIDS POWER PREMIUM SCHOOL... ✓ neschimbat
✓ neschimbat
[138/180] Gradinita - After School Aristokids... ✓ neschimbat
✓ neschimbat
[139/180] Genius Academy Creșă - Grădiniță - Aft... ✓ neschimbat
✓ neschimbat
[140/180] Academia Strumfilor | Gradinita si Cre... ✓ neschimbat
✓ neschimbat
[141/180] Mini Stars Learning Center... ✓ neschimbat
✓ neschimbat
[142/180] SmartyKids Iancului Obor... ✓ neschimbat
✓ neschimbat
[143/180] Montessima Educational... ✓ neschimbat
✓ neschimbat
[144/180] Arons Education Center... ✓ neschimbat
✓ neschimbat
[145/180] Scoala Gimnaziala International PREMIU... ✓ neschimbat
✓ neschimbat
[146/180] Tic Pitic - Grădiniță particulară... ✓ neschimbat
✓ neschimbat
[147/180] Aurora Afterschool... ✓ neschimbat
✓ neschimbat
[148/180] Gradinita Ziana / Universal Kids Globa... ✓ neschimbat
✓ neschimbat
[149/180] PRO Academy Afterschool... ✓ neschimbat
✓ neschimbat
[150/180] Iuladi Kids... ✓ neschimbat
✓ neschimbat
[151/180] Magic Castle Primary School and Kinder... ✓ neschimbat
✓ neschimbat
[152/180] SC Family Kids SRL... ✓ neschimbat
✓ neschimbat
[153/180] SmartyKids Timpuri Noi - Aritmetică me... ✓ neschimbat
✓ neschimbat
[154/180] MindHub București - Unirii... ✓ neschimbat
✓ neschimbat
[155/180] Just4Kids... ✓ neschimbat
✓ neschimbat
[156/180] Happy Junior... ✓ neschimbat
✓ neschimbat
[157/180] Alex and Friends... ✓ neschimbat
✓ neschimbat
[158/180] Lumea Copilului - Afterschool... ✓ neschimbat
✓ neschimbat
[159/180] Atlanthea Tineretului | Afterschool | ... ✓ neschimbat
✓ neschimbat
[160/180] Gradinita Magic Years... ✓ neschimbat
✓ neschimbat
[161/180] Gradinita HAPPY Junior-sediul 2... ✓ neschimbat
✓ neschimbat
[162/180] King George | International School... ✓ neschimbat
✓ neschimbat
[163/180] Clubul de Educatie Alternativa - Polic... ✓ neschimbat
✓ neschimbat
[164/180] Centrul de Excelenta in Educatie Clubu... ✓ neschimbat
✓ neschimbat
[165/180] Rainbow Kids Kindergarten... ✓ neschimbat
✓ neschimbat
[166/180] "My Universe" Kindergarten... ✓ neschimbat
✓ neschimbat
[167/180] Little Team THE COLLEGE childcare... ✓ neschimbat
✓ neschimbat
[168/180] Turnul Artelor: Afterschool Bilingv Ro... ✓ neschimbat
✓ neschimbat
[169/180] Be Smart Kids Club... ✓ neschimbat
✓ neschimbat
[170/180] Corina Club After School... ✓ neschimbat
✓ neschimbat
[171/180] Gradinita MINIME... ✓ neschimbat
✓ neschimbat
[172/180] Plaza Romania... ✓ neschimbat
✓ neschimbat
[173/180] Kid Station Afterschool... ✓ neschimbat
✓ neschimbat
[174/180] Muzeul Copiilor... ✏️  disponibilitate: available→unknown
✏️  disponibilitate: available→unknown
[175/180] Centru de Meditații Sector 4 - EduFami... ✓ neschimbat
✓ neschimbat
[176/180] Anademia - Hub Educational - Ateliere ... ✓ neschimbat
✓ neschimbat
[177/180] Gradinița Centrul Educational Nordic... ✓ neschimbat
✓ neschimbat
[178/180] Echilibria Montessori Education... ✓ neschimbat
✓ neschimbat
[179/180] Gradinita IQest... ✓ neschimbat
✓ neschimbat
[180/180] Gradinita Lindenblüte... ✓ neschimbat
✓ neschimbat

─────────────────────────────────────────────────────────────────
Modificari disponibilitate: 4

─────────────────────────────────────────────────────────────────
Modificari pret:            0
Modificari orar:            0
Modificari nume:            0
Erori:                      0
═════════════════════════════════════════════════════════════════


🔎 Ultima descoperire: acum 999 zile — se lanseaza discovery...

═════════════════════════════════════════════════════════════════
[31.03.2026, 13:57:40] DISCOVERY — Cautare afterschool-uri si cluburi noi
═════════════════════════════════════════════════════════════════
DB curent: 208 afterschool-uri, 484 cluburi
Modificari disponibilitate: 4
Modificari pret:            0
Modificari orar:            0
Modificari nume:            0
Erori:                      0
═════════════════════════════════════════════════════════════════


🔎 Ultima descoperire: acum 999 zile — se lanseaza discovery...

═════════════════════════════════════════════════════════════════
[31.03.2026, 13:57:40] DISCOVERY — Cautare afterschool-uri si cluburi noi
═════════════════════════════════════════════════════════════════
DB curent: 208 afterschool-uri, 484 cluburi

--- Faza A: Afterschool-uri (6 queries) ---

--- Faza A: Afterschool-uri (6 queries) ---

[1/6] "afterschool sector 1 Bucuresti"

[1/6] "afterschool sector 1 Bucuresti"
  Gasit 0 rezultate
  Gasit 0 rezultate

[2/6] "afterschool sector 2 Bucuresti"

[2/6] "afterschool sector 2 Bucuresti"
  Gasit 0 rezultate
  Gasit 0 rezultate

[3/6] "afterschool sector 3 Bucuresti"

[3/6] "afterschool sector 3 Bucuresti"
  Gasit 0 rezultate
  Gasit 0 rezultate

[4/6] "afterschool sector 4 Bucuresti"

[4/6] "afterschool sector 4 Bucuresti"
  Gasit 0 rezultate
  Gasit 0 rezultate

[5/6] "afterschool sector 5 Bucuresti"

[5/6] "afterschool sector 5 Bucuresti"
  Gasit 0 rezultate
  Gasit 0 rezultate

[6/6] "afterschool sector 6 Bucuresti"

[6/6] "afterschool sector 6 Bucuresti"
  Gasit 0 rezultate
  Gasit 0 rezultate

--- Faza B: Cluburi (18 queries) ---

--- Faza B: Cluburi (18 queries) ---

[1/18] [inot] "bazin inot copii Bucuresti"

[1/18] [inot] "bazin inot copii Bucuresti"
  Gasit 0 rezultate
  Gasit 0 rezultate

[2/18] [inot] "scoala inot copii Bucuresti"

[2/18] [inot] "scoala inot copii Bucuresti"
  Gasit 0 rezultate
  Gasit 0 rezultate

[3/18] [fotbal] "scoala fotbal copii Bucuresti"

[3/18] [fotbal] "scoala fotbal copii Bucuresti"
  Gasit 0 rezultate
  Gasit 0 rezultate

[4/18] [fotbal] "academie fotbal copii Bucuresti"

[4/18] [fotbal] "academie fotbal copii Bucuresti"
  Gasit 0 rezultate
  Gasit 0 rezultate

[5/18] [dansuri] "scoala dans copii Bucuresti"

[5/18] [dansuri] "scoala dans copii Bucuresti"
  Gasit 0 rezultate
  Gasit 0 rezultate

[6/18] [dansuri] "balet copii Bucuresti"

[6/18] [dansuri] "balet copii Bucuresti"
  Gasit 0 rezultate
  Gasit 0 rezultate

[7/18] [arte_martiale] "karate copii Bucuresti"

[7/18] [arte_martiale] "karate copii Bucuresti"
  Gasit 0 rezultate
  Gasit 0 rezultate

[8/18] [arte_martiale] "arte martiale copii Bucuresti"

[8/18] [arte_martiale] "arte martiale copii Bucuresti"
  Gasit 0 rezultate
  Gasit 0 rezultate

[9/18] [gimnastica] "gimnastica copii Bucuresti"

[9/18] [gimnastica] "gimnastica copii Bucuresti"
  Gasit 0 rezultate
  Gasit 0 rezultate

[10/18] [gimnastica] "gimnastica ritmica copii Bucuresti"

[10/18] [gimnastica] "gimnastica ritmica copii Bucuresti"
  Gasit 0 rezultate
  Gasit 0 rezultate

[11/18] [limbi_straine] "cursuri engleza copii Bucuresti"

[11/18] [limbi_straine] "cursuri engleza copii Bucuresti"
  Gasit 0 rezultate
  Gasit 0 rezultate

[12/18] [limbi_straine] "centru limbi straine copii Bucuresti"

[12/18] [limbi_straine] "centru limbi straine copii Bucuresti"
  Gasit 0 rezultate
  Gasit 0 rezultate

[13/18] [robotica] "robotica copii Bucuresti"

[13/18] [robotica] "robotica copii Bucuresti"
  Gasit 0 rezultate
  Gasit 0 rezultate

[14/18] [robotica] "programare copii Bucuresti"

[14/18] [robotica] "programare copii Bucuresti"
  Gasit 0 rezultate
  Gasit 0 rezultate

[15/18] [muzica] "scoala muzica copii Bucuresti"

[15/18] [muzica] "scoala muzica copii Bucuresti"
  Gasit 0 rezultate
  Gasit 0 rezultate

[16/18] [muzica] "lectii pian copii Bucuresti"

[16/18] [muzica] "lectii pian copii Bucuresti"
  Gasit 0 rezultate
  Gasit 0 rezultate

[17/18] [arte_creative] "atelier pictura copii Bucuresti"

[17/18] [arte_creative] "atelier pictura copii Bucuresti"
  Gasit 0 rezultate
  Gasit 0 rezultate

[18/18] [arte_creative] "cursuri desen copii Bucuresti"

[18/18] [arte_creative] "cursuri desen copii Bucuresti"
  Gasit 0 rezultate
  Gasit 0 rezultate

─────────────────────────────────────────────────────────────────

─────────────────────────────────────────────────────────────────
[DISCOVERY] Afterschool-uri noi: 0
[DISCOVERY] Cluburi noi:         0
[DISCOVERY] Total noi:           0
═════════════════════════════════════════════════════════════════

✅ Discovery finalizat: 0 afterschool-uri noi, 0 cluburi noi
✅ Discovery finalizat: 0 afterschool-uri noi, 0 cluburi noi
💾 Raport salvat in baza de date
[DISCOVERY] Afterschool-uri noi: 0
[DISCOVERY] Cluburi noi:         0
[DISCOVERY] Total noi:           0
═════════════════════════════════════════════════════════════════

💾 Raport salvat in baza de date

═════════════════════════════════════════════════════════════════
[07.04.2026, 13:41:19] Verificare periodica — 178 afterschool-uri
═════════════════════════════════════════════════════════════════
[1/178] Young Academics... 
═════════════════════════════════════════════════════════════════
[07.04.2026, 13:41:19] Verificare periodica — 178 afterschool-uri
═════════════════════════════════════════════════════════════════
✓ neschimbat
✓ neschimbat
[2/178] Smart Education... ✓ neschimbat
✓ neschimbat
[3/178] Teddy Bar After School... ✓ neschimbat
✓ neschimbat
[4/178] CoolTure MindS... ✓ neschimbat
✓ neschimbat
[5/178] After School WiNGS... ✓ neschimbat
✓ neschimbat
[6/178] EduFriends... ✓ neschimbat
✓ neschimbat
[7/178] SAGA Kid... ✓ neschimbat
✓ neschimbat
[8/178] Diandra After School... ✓ neschimbat
✓ neschimbat
[9/178] Joe After School (JSCK)... ✓ neschimbat
✓ neschimbat
[10/178] Clubul Micilor Aristocrati... ✓ neschimbat
✓ neschimbat
[11/178] International Premium School... ✓ neschimbat
✓ neschimbat
[12/178] Step Up School... ✓ neschimbat
✓ neschimbat
[13/178] Scoala Atlas - Campus A... ✓ neschimbat
✓ neschimbat
[14/178] ForEvEr Afterschool... ✓ neschimbat
✓ neschimbat
[15/178] Happy Kids After School... ✓ neschimbat
✓ neschimbat
[16/178] Little Stars After School... ✓ neschimbat
✓ neschimbat
[17/178] Scoala Luca... ✓ neschimbat
✓ neschimbat
[18/178] Free Minds Builders... ✓ neschimbat
✓ neschimbat
[19/178] Aristokids... ✓ neschimbat
✓ neschimbat
[20/178] LIFE is Cool - Aviatiei... ✓ neschimbat
✓ neschimbat
[21/178] Pache EduCenter... ✓ neschimbat
✓ neschimbat
[22/178] Gradinita Primii Pasi - AfterSchool... ✓ neschimbat
✓ neschimbat
[23/178] Castelul Fermecat... ✓ neschimbat
✓ neschimbat
[24/178] LIFE is Cool - Titan... ✓ neschimbat
✓ neschimbat
[25/178] Elefantelul Curios... ✓ neschimbat
✓ neschimbat
[26/178] Kids Palace After School... ✓ neschimbat
✓ neschimbat
[27/178] Focus Kids... ✓ neschimbat
✓ neschimbat
[28/178] Militari After School... ✓ neschimbat
✓ neschimbat
[29/178] After School Sector 1 (Baneasa)... ✓ neschimbat
✓ neschimbat
[30/178] Afterschool Sarida... ✓ neschimbat
✓ neschimbat
[31/178] Educație Pozitivă After-School... ✓ neschimbat
✓ neschimbat
[32/178] After School Georgi... ✓ neschimbat
✓ neschimbat
[33/178] After-school Cei Trei Muschetari... ✓ neschimbat
✓ neschimbat
[34/178] After school Stelutele... ✓ neschimbat
✓ neschimbat
[35/178] Kreative Kids After School... ✓ neschimbat
✓ neschimbat
[36/178] After Robotics School... ✓ neschimbat
✓ neschimbat
[37/178] After School Drumul Taberei (Fun4All)... ✓ neschimbat
✓ neschimbat
[38/178] After School Crangasi... ✓ neschimbat
✓ neschimbat
[39/178] Gradinita Piticii Nostri AfterSchool... ✓ neschimbat
✓ neschimbat
[40/178] Afterschool Frensi Club... ✓ neschimbat
✓ neschimbat
[41/178] Afterschool Poveștile lui Anais... ✓ neschimbat
✓ neschimbat
[42/178] After school Adeland... ✓ neschimbat
✓ neschimbat
[43/178] After School Hora... ✓ neschimbat
✓ neschimbat
[44/178] Grădinița BritAcademy AfterSchool... ✓ neschimbat
✓ neschimbat
[45/178] HappyTime Gradinita & After School... ✓ neschimbat
✓ neschimbat
[46/178] Kiddo Clubhouse After School... ✓ neschimbat
✓ neschimbat
[47/178] Paradisul Copiilor AfterSchool... ✓ neschimbat
✓ neschimbat
[48/178] After School IQ EST... ✓ neschimbat
✓ neschimbat
[49/178] GroupOne AfterSchool București... ✓ neschimbat
✓ neschimbat
[50/178] Alpha Kids Club AfterSchool Măgurele... ✓ neschimbat
✓ neschimbat
[51/178] KeiKo AfterSchool... ✓ neschimbat
✓ neschimbat
[52/178] Schnuffelgarten Creșă Grădiniță & Afte... ✓ neschimbat
✓ neschimbat
[53/178] After School Rainbow Kids... ✓ neschimbat
✓ neschimbat
[54/178] After school Micul Scolar... ✓ neschimbat
✓ neschimbat
[55/178] After School Zmeul Albastru... ✓ neschimbat
✓ neschimbat
[56/178] LU-LU Gradinita Afterschool Club... ✓ neschimbat
✓ neschimbat
[57/178] Learn In After School... ✓ neschimbat
✓ neschimbat
[58/178] V&M Kids After&Before School... ✓ neschimbat
✓ neschimbat
[59/178] Gradinita Licuricii... ✓ neschimbat
✓ neschimbat
[60/178] DallesGO... ✓ neschimbat
✓ neschimbat
[61/178] Abc Kids Ozana - After and Before Cent... ✓ neschimbat
✓ neschimbat
[62/178] After Lollipops... ✓ neschimbat
✓ neschimbat
[63/178] Before&After OSKAR... ✓ neschimbat
✓ neschimbat
[64/178] HiCarla After Class... ✓ neschimbat
✓ neschimbat
[65/178] Dumbo's Club... ✓ neschimbat
✓ neschimbat
[66/178] Motanul Talentat srl... ✓ neschimbat
✓ neschimbat
[67/178] Alle Kinder Klub... ✓ neschimbat
✓ neschimbat
[68/178] Club extrașcolar educațional KIKI... ✓ neschimbat
✓ neschimbat
[69/178] Castelul Zanelor... ✓ neschimbat
✓ neschimbat
[70/178] Ursuletul... ✓ neschimbat
✓ neschimbat
[71/178] Coding Playground and more... ✓ neschimbat
✓ neschimbat
[72/178] Sweet Babies... ✓ neschimbat
✓ neschimbat
[73/178] Asociatia Zmeul Albastru... ✓ neschimbat
✓ neschimbat
[74/178] City Kids Afterschool... ✓ neschimbat
✓ neschimbat
[75/178] Shakespeare School Victoriei - Cursuri... ✓ neschimbat
✓ neschimbat
[76/178] Oskar... ✓ neschimbat
✓ neschimbat
[77/178] Central Art Studio... ✓ neschimbat
✓ neschimbat
[78/178] MAGIC SCHOOL EduHub Afterschool... ✓ neschimbat
✓ neschimbat
[79/178] Land of Kids Afterschool... ✓ neschimbat
✓ neschimbat
[80/178] Happy Kids Project - Before & After Sc... ✓ neschimbat
✓ neschimbat
[81/178] Euclid Afterschool... ✓ neschimbat
✓ neschimbat
[82/178] Bell Kinder - Kindergarten & Afterscho... ✓ neschimbat
✓ neschimbat
[83/178] Kindergarten and nursery Angels Academ... ✓ neschimbat
✓ neschimbat
[84/178] Liceul Teoretic "Just 4 Kids"... ✓ neschimbat
✓ neschimbat
[85/178] WhizKidz Hub - Afterschool... ✓ neschimbat
✓ neschimbat
[86/178] Ramy's Kids Afterschool... ✓ neschimbat
✓ neschimbat
[87/178] Smiley After School... ✓ neschimbat
✓ neschimbat
[88/178] Neverland Afterschool... ✓ neschimbat
✓ neschimbat
[89/178] Abc Kids - After and Before Center Kid... ✓ neschimbat
✓ neschimbat
[90/178] Happy Kids Otopeni... ✓ neschimbat
✓ neschimbat
[91/178] Grădinița IILO - Gradinita Privata Sec... ✓ neschimbat
✓ neschimbat
[92/178] EVIA Kids - sector 4 Afterschool... ✓ neschimbat
✓ neschimbat
[93/178] IQ-EST After School Bucuresti... ✓ neschimbat
✓ neschimbat
[94/178] Art Kids Club... ✓ neschimbat
✓ neschimbat
[95/178] "WonderKids" Before and After School... ✓ neschimbat
✓ neschimbat
[96/178] Kinderium Before & After School Sector... ✓ neschimbat
✓ neschimbat
[97/178] Soleil Kids... ✓ neschimbat
✓ neschimbat
[98/178] Before & After School Sumire... ✓ neschimbat
✓ neschimbat
[99/178] Kids Adventure Afterschool... ✓ neschimbat
✓ neschimbat
[100/178] CENTRUL EDUCAȚIONAL ȘI AFTER SCHOOL ,,... ✓ neschimbat
✓ neschimbat
[101/178] Alice si taramul fermecat... ✓ neschimbat
✓ neschimbat
[102/178] SOS Planet After School... ✓ neschimbat
✓ neschimbat
[103/178] Kinderlachen Gradinita Germana & After... ✓ neschimbat
✓ neschimbat
[104/178] EDU&CARE... ✓ neschimbat
✓ neschimbat
[105/178] Anna Afterschool... ✓ neschimbat
✓ neschimbat
[106/178] B-Happy After school... ✓ neschimbat
✓ neschimbat
[107/178] My Universe-Afterschool... ✓ neschimbat
✓ neschimbat
[108/178] Babel Language Militari Residence... ✓ neschimbat
✓ neschimbat
[109/178] Grădinița și Școala Primară SPRINGFIEL... ✓ neschimbat
✓ neschimbat
[110/178] A&M After School... ✓ neschimbat
✓ neschimbat
[111/178] Creativ Infinit Before, After & Art sc... ✓ neschimbat
✓ neschimbat
[112/178] Maria International School (former Mar... ✓ neschimbat
✓ neschimbat
[113/178] Școala Iepurașul Bocănilă... ✓ neschimbat
✓ neschimbat
[114/178] Grădinița EuroKid 4... ✓ neschimbat
✓ neschimbat
[115/178] Smart&Fun After School Crangasi... ✓ neschimbat
✓ neschimbat
[116/178] Jolly Kids... ✓ neschimbat
✓ neschimbat
[117/178] BRIO KIDS Afterschool & Centru Educați... ✓ neschimbat
✓ neschimbat
[118/178] Asociatia Hands On & After School... ✓ neschimbat
✓ neschimbat
[119/178] Gradinita Before After School Happy Ki... ✓ neschimbat
✓ neschimbat
[120/178] Dreamworld After School... ✓ neschimbat
✓ neschimbat
[121/178] Legendary Party... ✓ neschimbat
✓ neschimbat
[122/178] EDU for Kids Afterschool... ✓ neschimbat
✓ neschimbat
[123/178] Clubul Copiilor Smart Generation... ✓ neschimbat
✓ neschimbat
[124/178] Scoala Atlas - Campus B... ✓ neschimbat
✓ neschimbat
[125/178] Gradinita Rita Veverita... ✓ neschimbat
✓ neschimbat
[126/178] Școlar AS... ✓ neschimbat
✓ neschimbat
[127/178] Kids Club Baneasa... ✓ neschimbat
✓ neschimbat
[128/178] Little Leaders Academy Kindergarten - ... ✓ neschimbat
✓ neschimbat
[129/178] Junior Genius Club... ✓ neschimbat
✓ neschimbat
[130/178] Steaua Nordului... ✓ neschimbat
✓ neschimbat
[131/178] Feli's Kids - Gradinita, After School... ✓ neschimbat
✓ neschimbat
[132/178] SmartyKids Dorobanti Floreasca - aritm... ✓ neschimbat
✓ neschimbat
[133/178] Kogaion Gifted Academy... ✓ neschimbat
✓ neschimbat
[134/178] GoKidsGo Academy... ✓ neschimbat
✓ neschimbat
[135/178] KIDS' HUB... ✓ neschimbat
✓ neschimbat
[136/178] KIDS POWER PREMIUM SCHOOL... ✓ neschimbat
✓ neschimbat
[137/178] Gradinita - After School Aristokids... ✓ neschimbat
✓ neschimbat
[138/178] Genius Academy Creșă - Grădiniță - Aft... ✓ neschimbat
✓ neschimbat
[139/178] Academia Strumfilor | Gradinita si Cre... ✓ neschimbat
✓ neschimbat
[140/178] Mini Stars Learning Center... ✓ neschimbat
✓ neschimbat
[141/178] SmartyKids Iancului Obor... ✓ neschimbat
✓ neschimbat
[142/178] Montessima Educational... ✓ neschimbat
✓ neschimbat
[143/178] Arons Education Center... ✓ neschimbat
✓ neschimbat
[144/178] Scoala Gimnaziala International PREMIU... ✓ neschimbat
✓ neschimbat
[145/178] Tic Pitic - Grădiniță particulară... ✓ neschimbat
✓ neschimbat
[146/178] Aurora Afterschool... ✓ neschimbat
✓ neschimbat
[147/178] Gradinita Ziana / Universal Kids Globa... ✓ neschimbat
✓ neschimbat
[148/178] PRO Academy Afterschool... ✓ neschimbat
✓ neschimbat
[149/178] Iuladi Kids... ✓ neschimbat
✓ neschimbat
[150/178] Magic Castle Primary School and Kinder... ✓ neschimbat
✓ neschimbat
[151/178] SC Family Kids SRL... ✓ neschimbat
✓ neschimbat
[152/178] SmartyKids Timpuri Noi - Aritmetică me... ✓ neschimbat
✓ neschimbat
[153/178] MindHub București - Unirii... ✓ neschimbat
✓ neschimbat
[154/178] Just4Kids... ✓ neschimbat
✓ neschimbat
[155/178] Happy Junior... ✓ neschimbat
✓ neschimbat
[156/178] Alex and Friends... ✓ neschimbat
✓ neschimbat
[157/178] Lumea Copilului - Afterschool... ✓ neschimbat
✓ neschimbat
[158/178] Atlanthea Tineretului | Afterschool | ... ✓ neschimbat
✓ neschimbat
[159/178] Gradinita Magic Years... ✓ neschimbat
✓ neschimbat
[160/178] Gradinita HAPPY Junior-sediul 2... ✓ neschimbat
✓ neschimbat
[161/178] King George | International School... ✓ neschimbat
✓ neschimbat
[162/178] Clubul de Educatie Alternativa - Polic... ✓ neschimbat
✓ neschimbat
[163/178] Centrul de Excelenta in Educatie Clubu... ✓ neschimbat
✓ neschimbat
[164/178] Rainbow Kids Kindergarten... ✓ neschimbat
✓ neschimbat
[165/178] "My Universe" Kindergarten... ✓ neschimbat
✓ neschimbat
[166/178] Little Team THE COLLEGE childcare... ✓ neschimbat
✓ neschimbat
[167/178] Turnul Artelor: Afterschool Bilingv Ro... ✓ neschimbat
✓ neschimbat
[168/178] Be Smart Kids Club... ✓ neschimbat
✓ neschimbat
[169/178] Corina Club After School... ✓ neschimbat
✓ neschimbat
[170/178] Gradinita MINIME... ✓ neschimbat
✓ neschimbat
[171/178] Kid Station Afterschool... ✓ neschimbat
✓ neschimbat
[172/178] Muzeul Copiilor... ✓ neschimbat
✓ neschimbat
[173/178] Centru de Meditații Sector 4 - EduFami... ✓ neschimbat
✓ neschimbat
[174/178] Anademia - Hub Educational - Ateliere ... ✓ neschimbat
✓ neschimbat
[175/178] Gradinița Centrul Educational Nordic... ✓ neschimbat
✓ neschimbat
[176/178] Echilibria Montessori Education... ✓ neschimbat
✓ neschimbat
[177/178] Gradinita IQest... ✓ neschimbat
✓ neschimbat
[178/178] Gradinita Lindenblüte... ✓ neschimbat
✓ neschimbat

─────────────────────────────────────────────────────────────────
Modificari disponibilitate: 0

─────────────────────────────────────────────────────────────────
Modificari pret:            0
Modificari orar:            0
Modificari nume:            0
Erori:                      0
═════════════════════════════════════════════════════════════════

ℹ️  Discovery: ultima rulare acum 7 zile (se ruleaza la 30+ zile)
💾 Raport salvat in baza de date
Modificari disponibilitate: 0
Modificari pret:            0
Modificari orar:            0
Modificari nume:            0
Erori:                      0
═════════════════════════════════════════════════════════════════

ℹ️  Discovery: ultima rulare acum 7 zile (se ruleaza la 30+ zile)
💾 Raport salvat in baza de date

═════════════════════════════════════════════════════════════════
[14.04.2026, 13:41:35] Verificare periodica — 172 afterschool-uri
═════════════════════════════════════════════════════════════════
[1/172] Young Academics... 
═════════════════════════════════════════════════════════════════
[14.04.2026, 13:41:35] Verificare periodica — 172 afterschool-uri
═════════════════════════════════════════════════════════════════
✓ neschimbat
✓ neschimbat
[2/172] Smart Education... ✓ neschimbat
✓ neschimbat
[3/172] Teddy Bar After School... ✓ neschimbat
✓ neschimbat
[4/172] CoolTure MindS... ✓ neschimbat
✓ neschimbat
[5/172] After School WiNGS... ✓ neschimbat
✓ neschimbat
[6/172] EduFriends... ✓ neschimbat
✓ neschimbat
[7/172] SAGA Kid... ✓ neschimbat
✓ neschimbat
[8/172] Diandra After School... ✓ neschimbat
✓ neschimbat
[9/172] Joe After School (JSCK)... ✓ neschimbat
✓ neschimbat
[10/172] Clubul Micilor Aristocrati... ✓ neschimbat
✓ neschimbat
[11/172] International Premium School... ✓ neschimbat
✓ neschimbat
[12/172] Step Up School... ✓ neschimbat
✓ neschimbat
[13/172] ForEvEr Afterschool... ✓ neschimbat
✓ neschimbat
[14/172] Happy Kids After School... ✓ neschimbat
✓ neschimbat
[15/172] Little Stars After School... ✓ neschimbat
✓ neschimbat
[16/172] Scoala Luca... ✓ neschimbat
✓ neschimbat
[17/172] Aristokids... ✓ neschimbat
✓ neschimbat
[18/172] LIFE is Cool - Aviatiei... ✓ neschimbat
✓ neschimbat
[19/172] Pache EduCenter... ✓ neschimbat
✓ neschimbat
[20/172] Gradinita Primii Pasi - AfterSchool... ✓ neschimbat
✓ neschimbat
[21/172] Castelul Fermecat... ✓ neschimbat
✓ neschimbat
[22/172] LIFE is Cool - Titan... ✓ neschimbat
✓ neschimbat
[23/172] Elefantelul Curios... ✓ neschimbat
✓ neschimbat
[24/172] Kids Palace After School... ✓ neschimbat
✓ neschimbat
[25/172] Focus Kids... ✓ neschimbat
✓ neschimbat
[26/172] Militari After School... ✓ neschimbat
✓ neschimbat
[27/172] After School Sector 1 (Baneasa)... ✓ neschimbat
✓ neschimbat
[28/172] Afterschool Sarida... ✓ neschimbat
✓ neschimbat
[29/172] Educație Pozitivă After-School... ✓ neschimbat
✓ neschimbat
[30/172] After School Georgi... ✓ neschimbat
✓ neschimbat
[31/172] After-school Cei Trei Muschetari... ✓ neschimbat
✓ neschimbat
[32/172] After school Stelutele... ✓ neschimbat
✓ neschimbat
[33/172] Kreative Kids After School... ✓ neschimbat
✓ neschimbat
[34/172] After Robotics School... ✓ neschimbat
✓ neschimbat
[35/172] After School Drumul Taberei (Fun4All)... ✓ neschimbat
✓ neschimbat
[36/172] After School Crangasi... ✓ neschimbat
✓ neschimbat
[37/172] Gradinita Piticii Nostri AfterSchool... ✓ neschimbat
✓ neschimbat
[38/172] Afterschool Frensi Club... ✓ neschimbat
✓ neschimbat
[39/172] Afterschool Poveștile lui Anais... ✓ neschimbat
✓ neschimbat
[40/172] After school Adeland... ✓ neschimbat
✓ neschimbat
[41/172] After School Hora... ✓ neschimbat
✓ neschimbat
[42/172] Grădinița BritAcademy AfterSchool... ✓ neschimbat
✓ neschimbat
[43/172] HappyTime Gradinita & After School... ✓ neschimbat
✓ neschimbat
[44/172] Kiddo Clubhouse After School... ✓ neschimbat
✓ neschimbat
[45/172] Paradisul Copiilor AfterSchool... ✓ neschimbat
✓ neschimbat
[46/172] After School IQ EST... ✓ neschimbat
✓ neschimbat
[47/172] GroupOne AfterSchool București... ✓ neschimbat
✓ neschimbat
[48/172] Alpha Kids Club AfterSchool Măgurele... ✓ neschimbat
✓ neschimbat
[49/172] KeiKo AfterSchool... ✓ neschimbat
✓ neschimbat
[50/172] Schnuffelgarten Creșă Grădiniță & Afte... ✓ neschimbat
✓ neschimbat
[51/172] After School Rainbow Kids... ✓ neschimbat
✓ neschimbat
[52/172] After school Micul Scolar... ✓ neschimbat
✓ neschimbat
[53/172] After School Zmeul Albastru... ✓ neschimbat
✓ neschimbat
[54/172] LU-LU Gradinita Afterschool Club... ✓ neschimbat
✓ neschimbat
[55/172] Learn In After School... ✓ neschimbat
✓ neschimbat
[56/172] V&M Kids After&Before School... ✓ neschimbat
✓ neschimbat
[57/172] Gradinita Licuricii... ✓ neschimbat
✓ neschimbat
[58/172] Abc Kids Ozana - After and Before Cent... ✓ neschimbat
✓ neschimbat
[59/172] After Lollipops... ✓ neschimbat
✓ neschimbat
[60/172] Before&After OSKAR... ✓ neschimbat
✓ neschimbat
[61/172] HiCarla After Class... ✓ neschimbat
✓ neschimbat
[62/172] Dumbo's Club... ✓ neschimbat
✓ neschimbat
[63/172] Alle Kinder Klub... ✓ neschimbat
✓ neschimbat
[64/172] Club extrașcolar educațional KIKI... ✓ neschimbat
✓ neschimbat
[65/172] Castelul Zanelor... ✓ neschimbat
✓ neschimbat
[66/172] Ursuletul... ✓ neschimbat
✓ neschimbat
[67/172] Coding Playground and more... ✓ neschimbat
✓ neschimbat
[68/172] Sweet Babies... ✓ neschimbat
✓ neschimbat
[69/172] Asociatia Zmeul Albastru... ✓ neschimbat
✓ neschimbat
[70/172] City Kids Afterschool... ✓ neschimbat
✓ neschimbat
[71/172] Shakespeare School Victoriei - Cursuri... ✓ neschimbat
✓ neschimbat
[72/172] Oskar... ✓ neschimbat
✓ neschimbat
[73/172] Central Art Studio... ✓ neschimbat
✓ neschimbat
[74/172] MAGIC SCHOOL EduHub Afterschool... ✓ neschimbat
✓ neschimbat
[75/172] Land of Kids Afterschool... ✓ neschimbat
✓ neschimbat
[76/172] Happy Kids Project - Before & After Sc... ✓ neschimbat
✓ neschimbat
[77/172] Euclid Afterschool... ✓ neschimbat
✓ neschimbat
[78/172] Bell Kinder - Kindergarten & Afterscho... ✓ neschimbat
✓ neschimbat
[79/172] Kindergarten and nursery Angels Academ... ✓ neschimbat
✓ neschimbat
[80/172] Liceul Teoretic "Just 4 Kids"... ✓ neschimbat
✓ neschimbat
[81/172] WhizKidz Hub - Afterschool... ✓ neschimbat
✓ neschimbat
[82/172] Ramy's Kids Afterschool... ✓ neschimbat
✓ neschimbat
[83/172] Smiley After School... ✓ neschimbat
✓ neschimbat
[84/172] Neverland Afterschool... ✓ neschimbat
✓ neschimbat
[85/172] Abc Kids - After and Before Center Kid... ✓ neschimbat
✓ neschimbat
[86/172] Happy Kids Otopeni... ✓ neschimbat
✓ neschimbat
[87/172] Grădinița IILO - Gradinita Privata Sec... ✓ neschimbat
✓ neschimbat
[88/172] EVIA Kids - sector 4 Afterschool... ✓ neschimbat
✓ neschimbat
[89/172] IQ-EST After School Bucuresti... ✓ neschimbat
✓ neschimbat
[90/172] Art Kids Club... ✓ neschimbat
✓ neschimbat
[91/172] "WonderKids" Before and After School... ✓ neschimbat
✓ neschimbat
[92/172] Kinderium Before & After School Sector... ✓ neschimbat
✓ neschimbat
[93/172] Soleil Kids... ✓ neschimbat
✓ neschimbat
[94/172] Before & After School Sumire... ✓ neschimbat
✓ neschimbat
[95/172] Kids Adventure Afterschool... ✓ neschimbat
✓ neschimbat
[96/172] CENTRUL EDUCAȚIONAL ȘI AFTER SCHOOL ,,... ✓ neschimbat
✓ neschimbat
[97/172] Alice si taramul fermecat... ✓ neschimbat
✓ neschimbat
[98/172] SOS Planet After School... ✓ neschimbat
✓ neschimbat
[99/172] Kinderlachen Gradinita Germana & After... ✓ neschimbat
✓ neschimbat
[100/172] EDU&CARE... ✓ neschimbat
✓ neschimbat
[101/172] Anna Afterschool... ✓ neschimbat
✓ neschimbat
[102/172] B-Happy After school... ✓ neschimbat
✓ neschimbat
[103/172] My Universe-Afterschool... ✓ neschimbat
✓ neschimbat
[104/172] Babel Language Militari Residence... ✓ neschimbat
✓ neschimbat
[105/172] Grădinița și Școala Primară SPRINGFIEL... ✓ neschimbat
✓ neschimbat
[106/172] A&M After School... ✓ neschimbat
✓ neschimbat
[107/172] Creativ Infinit Before, After & Art sc... ✓ neschimbat
✓ neschimbat
[108/172] Maria International School (former Mar... ✓ neschimbat
✓ neschimbat
[109/172] Școala Iepurașul Bocănilă... ✓ neschimbat
✓ neschimbat
[110/172] Grădinița EuroKid 4... ✓ neschimbat
✓ neschimbat
[111/172] Smart&Fun After School Crangasi... ✓ neschimbat
✓ neschimbat
[112/172] Jolly Kids... ✓ neschimbat
✓ neschimbat
[113/172] BRIO KIDS Afterschool & Centru Educați... ✓ neschimbat
✓ neschimbat
[114/172] Asociatia Hands On & After School... ✓ neschimbat
✓ neschimbat
[115/172] Gradinita Before After School Happy Ki... ✓ neschimbat
✓ neschimbat
[116/172] Dreamworld After School... ✓ neschimbat
✓ neschimbat
[117/172] Legendary Party... ✓ neschimbat
✓ neschimbat
[118/172] EDU for Kids Afterschool... ✓ neschimbat
✓ neschimbat
[119/172] Clubul Copiilor Smart Generation... ✓ neschimbat
✓ neschimbat
[120/172] Gradinita Rita Veverita... ✓ neschimbat
✓ neschimbat
[121/172] Școlar AS... ✓ neschimbat
✓ neschimbat
[122/172] Kids Club Baneasa... ✓ neschimbat
✓ neschimbat
[123/172] Little Leaders Academy Kindergarten - ... ✓ neschimbat
✓ neschimbat
[124/172] Junior Genius Club... ✓ neschimbat
✓ neschimbat
[125/172] Steaua Nordului... ✓ neschimbat
✓ neschimbat
[126/172] Feli's Kids - Gradinita, After School... ✓ neschimbat
✓ neschimbat
[127/172] SmartyKids Dorobanti Floreasca - aritm... ✓ neschimbat
✓ neschimbat
[128/172] Kogaion Gifted Academy... ✓ neschimbat
✓ neschimbat
[129/172] KIDS' HUB... ✓ neschimbat
✓ neschimbat
[130/172] KIDS POWER PREMIUM SCHOOL... ✓ neschimbat
✓ neschimbat
[131/172] Gradinita - After School Aristokids... ✓ neschimbat
✓ neschimbat
[132/172] Genius Academy Creșă - Grădiniță - Aft... ✓ neschimbat
✓ neschimbat
[133/172] Academia Strumfilor | Gradinita si Cre... ✓ neschimbat
✓ neschimbat
[134/172] Mini Stars Learning Center... ✓ neschimbat
✓ neschimbat
[135/172] SmartyKids Iancului Obor... ✓ neschimbat
✓ neschimbat
[136/172] Montessima Educational... ✓ neschimbat
✓ neschimbat
[137/172] Arons Education Center... ✓ neschimbat
✓ neschimbat
[138/172] Scoala Gimnaziala International PREMIU... ✓ neschimbat
✓ neschimbat
[139/172] Tic Pitic - Grădiniță particulară... ✓ neschimbat
✓ neschimbat
[140/172] Aurora Afterschool... ✓ neschimbat
✓ neschimbat
[141/172] Gradinita Ziana / Universal Kids Globa... ✓ neschimbat
✓ neschimbat
[142/172] PRO Academy Afterschool... ✓ neschimbat
✓ neschimbat
[143/172] Iuladi Kids... ✓ neschimbat
✓ neschimbat
[144/172] Magic Castle Primary School and Kinder... ✓ neschimbat
✓ neschimbat
[145/172] SC Family Kids SRL... ✓ neschimbat
✓ neschimbat
[146/172] SmartyKids Timpuri Noi - Aritmetică me... ✓ neschimbat
✓ neschimbat
[147/172] MindHub București - Unirii... ✓ neschimbat
✓ neschimbat
[148/172] Just4Kids... ✓ neschimbat
✓ neschimbat
[149/172] Happy Junior... ✓ neschimbat
✓ neschimbat
[150/172] Alex and Friends... ✓ neschimbat
✓ neschimbat
[151/172] Lumea Copilului - Afterschool... ✓ neschimbat
✓ neschimbat
[152/172] Atlanthea Tineretului | Afterschool | ... ✓ neschimbat
✓ neschimbat
[153/172] Gradinita Magic Years... ✓ neschimbat
✓ neschimbat
[154/172] Gradinita HAPPY Junior-sediul 2... ✓ neschimbat
✓ neschimbat
[155/172] King George | International School... ✓ neschimbat
✓ neschimbat
[156/172] Clubul de Educatie Alternativa - Polic... ✓ neschimbat
✓ neschimbat
[157/172] Centrul de Excelenta in Educatie Clubu... ✓ neschimbat
✓ neschimbat
[158/172] Rainbow Kids Kindergarten... ✓ neschimbat
✓ neschimbat
[159/172] "My Universe" Kindergarten... ✓ neschimbat
✓ neschimbat
[160/172] Little Team THE COLLEGE childcare... ✓ neschimbat
✓ neschimbat
[161/172] Turnul Artelor: Afterschool Bilingv Ro... ✓ neschimbat
✓ neschimbat
[162/172] Be Smart Kids Club... ✓ neschimbat
✓ neschimbat
[163/172] Corina Club After School... ✓ neschimbat
✓ neschimbat
[164/172] Gradinita MINIME... ✓ neschimbat
✓ neschimbat
[165/172] Kid Station Afterschool... ✓ neschimbat
✓ neschimbat
[166/172] Muzeul Copiilor... ✓ neschimbat
✓ neschimbat
[167/172] Centru de Meditații Sector 4 - EduFami... ✓ neschimbat
✓ neschimbat
[168/172] Anademia - Hub Educational - Ateliere ... ✓ neschimbat
✓ neschimbat
[169/172] Gradinița Centrul Educational Nordic... ✓ neschimbat
✓ neschimbat
[170/172] Echilibria Montessori Education... ✓ neschimbat
✓ neschimbat
[171/172] Gradinita IQest... ✓ neschimbat
✓ neschimbat
[172/172] Gradinita Lindenblüte... ✓ neschimbat
✓ neschimbat

─────────────────────────────────────────────────────────────────
Modificari disponibilitate: 0

─────────────────────────────────────────────────────────────────
Modificari pret:            0
Modificari orar:            0
Modificari nume:            0
Erori:                      0
═════════════════════════════════════════════════════════════════

ℹ️  Discovery: ultima rulare acum 14 zile (se ruleaza la 30+ zile)
💾 Raport salvat in baza de date
Modificari disponibilitate: 0
Modificari pret:            0
Modificari orar:            0
Modificari nume:            0
Erori:                      0
═════════════════════════════════════════════════════════════════

ℹ️  Discovery: ultima rulare acum 14 zile (se ruleaza la 30+ zile)
💾 Raport salvat in baza de date

═════════════════════════════════════════════════════════════════
[16.04.2026, 15:01:22] Verificare periodica — 178 afterschool-uri
═════════════════════════════════════════════════════════════════
[1/178] Young Academics... 
═════════════════════════════════════════════════════════════════
[16.04.2026, 15:01:22] Verificare periodica — 178 afterschool-uri
═════════════════════════════════════════════════════════════════
✓ neschimbat
✓ neschimbat
[2/178] Smart Education... ✓ neschimbat
✓ neschimbat
[3/178] Teddy Bar After School... ✓ neschimbat
✓ neschimbat
[4/178] CoolTure MindS... ✓ neschimbat
✓ neschimbat
[5/178] After School WiNGS... ✓ neschimbat
✓ neschimbat
[6/178] EduFriends... ✓ neschimbat
✓ neschimbat
[7/178] SAGA Kid... ✓ neschimbat
✓ neschimbat
[8/178] Diandra After School... ✓ neschimbat
✓ neschimbat
[9/178] Joe After School (JSCK)... ✓ neschimbat
✓ neschimbat
[10/178] Clubul Micilor Aristocrati... ✓ neschimbat
✓ neschimbat
[11/178] International Premium School... ✓ neschimbat
✓ neschimbat
[12/178] Step Up School... ✓ neschimbat
✓ neschimbat
[13/178] Scoala Atlas - Campus A... 
═════════════════════════════════════════════════════════════════
[16.04.2026, 15:04:02] Verificare periodica — 178 afterschool-uri
═════════════════════════════════════════════════════════════════
[1/178] Young Academics... 
═════════════════════════════════════════════════════════════════
[16.04.2026, 15:04:02] Verificare periodica — 178 afterschool-uri
═════════════════════════════════════════════════════════════════
✓ neschimbat
✓ neschimbat
[2/178] Smart Education... ✓ neschimbat
✓ neschimbat
[3/178] Teddy Bar After School... ✓ neschimbat
✓ neschimbat
[4/178] CoolTure MindS... ✓ neschimbat
✓ neschimbat
[5/178] After School WiNGS... ✓ neschimbat
✓ neschimbat
[6/178] EduFriends... ✓ neschimbat
✓ neschimbat
[7/178] SAGA Kid... ✓ neschimbat
✓ neschimbat
[8/178] Diandra After School... ✓ neschimbat
✓ neschimbat
[9/178] Joe After School (JSCK)... ✓ neschimbat
✓ neschimbat
[10/178] Clubul Micilor Aristocrati... ✓ neschimbat
✓ neschimbat
[11/178] International Premium School... ✓ neschimbat
✓ neschimbat
[12/178] Step Up School... ✓ neschimbat
✓ neschimbat
[13/178] Scoala Atlas - Campus A... ✓ neschimbat
✓ neschimbat
[14/178] ForEvEr Afterschool... ✓ neschimbat
✓ neschimbat
[15/178] Happy Kids After School... ✓ neschimbat
✓ neschimbat
[16/178] Little Stars After School... ✓ neschimbat
✓ neschimbat
[17/178] Scoala Luca... ✓ neschimbat
✓ neschimbat
[18/178] Free Minds Builders... ✓ neschimbat
✓ neschimbat
[19/178] Aristokids... ✓ neschimbat
✓ neschimbat
[20/178] LIFE is Cool - Aviatiei... ✓ neschimbat
✓ neschimbat
[21/178] Pache EduCenter... ✓ neschimbat
✓ neschimbat
[22/178] Gradinita Primii Pasi - AfterSchool... ✓ neschimbat
✓ neschimbat
[23/178] Castelul Fermecat... ✓ neschimbat
✓ neschimbat
[24/178] LIFE is Cool - Titan... ✓ neschimbat
✓ neschimbat
[25/178] Elefantelul Curios... ✓ neschimbat
✓ neschimbat
[26/178] Kids Palace After School... ✓ neschimbat
✓ neschimbat
[27/178] Focus Kids... ✓ neschimbat
✓ neschimbat
[28/178] Militari After School... ✓ neschimbat
✓ neschimbat
[29/178] After School Sector 1 (Baneasa)... ✓ neschimbat
✓ neschimbat
[30/178] Afterschool Sarida... ✓ neschimbat
✓ neschimbat
[31/178] Educație Pozitivă After-School... ✓ neschimbat
✓ neschimbat
[32/178] After School Georgi... ✓ neschimbat
✓ neschimbat
[33/178] After-school Cei Trei Muschetari... ✓ neschimbat
✓ neschimbat
[34/178] After school Stelutele... ✓ neschimbat
✓ neschimbat
[35/178] Kreative Kids After School... ✓ neschimbat
✓ neschimbat
[36/178] After Robotics School... ✓ neschimbat
✓ neschimbat
[37/178] After School Drumul Taberei (Fun4All)... ✓ neschimbat
✓ neschimbat
[38/178] After School Crangasi... ✓ neschimbat
✓ neschimbat
[39/178] Gradinita Piticii Nostri AfterSchool... ✓ neschimbat
✓ neschimbat
[40/178] Afterschool Frensi Club... ✓ neschimbat
✓ neschimbat
[41/178] Afterschool Poveștile lui Anais... ✓ neschimbat
✓ neschimbat
[42/178] After school Adeland... ✓ neschimbat
✓ neschimbat
[43/178] After School Hora... ✓ neschimbat
✓ neschimbat
[44/178] Grădinița BritAcademy AfterSchool... ✓ neschimbat
✓ neschimbat
[45/178] HappyTime Gradinita & After School... ✓ neschimbat
✓ neschimbat
[46/178] Kiddo Clubhouse After School... ✓ neschimbat
✓ neschimbat
[47/178] Paradisul Copiilor AfterSchool... ✓ neschimbat
✓ neschimbat
[48/178] After School IQ EST... ✓ neschimbat
✓ neschimbat
[49/178] GroupOne AfterSchool București... ✓ neschimbat
✓ neschimbat
[50/178] Alpha Kids Club AfterSchool Măgurele... ✓ neschimbat
✓ neschimbat
[51/178] KeiKo AfterSchool... ✓ neschimbat
✓ neschimbat
[52/178] Schnuffelgarten Creșă Grădiniță & Afte... ✓ neschimbat
✓ neschimbat
[53/178] After School Rainbow Kids... ✓ neschimbat
✓ neschimbat
[54/178] After school Micul Scolar... ✓ neschimbat
✓ neschimbat
[55/178] After School Zmeul Albastru... ✓ neschimbat
✓ neschimbat
[56/178] LU-LU Gradinita Afterschool Club... ✓ neschimbat
✓ neschimbat
[57/178] Learn In After School... ✓ neschimbat
✓ neschimbat
[58/178] V&M Kids After&Before School... ✓ neschimbat
✓ neschimbat
[59/178] Gradinita Licuricii... ✓ neschimbat
✓ neschimbat
[60/178] DallesGO... ✓ neschimbat
✓ neschimbat
[61/178] Abc Kids Ozana - After and Before Cent... ✓ neschimbat
✓ neschimbat
[62/178] After Lollipops... ✓ neschimbat
✓ neschimbat
[63/178] Before&After OSKAR... ✓ neschimbat
✓ neschimbat
[64/178] HiCarla After Class... ✓ neschimbat
✓ neschimbat
[65/178] Dumbo's Club... ✓ neschimbat
✓ neschimbat
[66/178] Motanul Talentat srl... ✓ neschimbat
✓ neschimbat
[67/178] Alle Kinder Klub... ✓ neschimbat
✓ neschimbat
[68/178] Club extrașcolar educațional KIKI... ✓ neschimbat
✓ neschimbat
[69/178] Castelul Zanelor... ✓ neschimbat
✓ neschimbat
[70/178] Ursuletul... ✓ neschimbat
✓ neschimbat
[71/178] Coding Playground and more... ✓ neschimbat
✓ neschimbat
[72/178] Sweet Babies... ✓ neschimbat
✓ neschimbat
[73/178] Asociatia Zmeul Albastru... ✓ neschimbat
✓ neschimbat
[74/178] City Kids Afterschool... ✓ neschimbat
✓ neschimbat
[75/178] Shakespeare School Victoriei - Cursuri... ✓ neschimbat
✓ neschimbat
[76/178] Oskar... ✓ neschimbat
✓ neschimbat
[77/178] Central Art Studio... ✓ neschimbat
✓ neschimbat
[78/178] MAGIC SCHOOL EduHub Afterschool... ✓ neschimbat
✓ neschimbat
[79/178] Land of Kids Afterschool... ✓ neschimbat
✓ neschimbat
[80/178] Happy Kids Project - Before & After Sc... ✓ neschimbat
✓ neschimbat
[81/178] Euclid Afterschool... ✓ neschimbat
✓ neschimbat
[82/178] Bell Kinder - Kindergarten & Afterscho... ✓ neschimbat
✓ neschimbat
[83/178] Kindergarten and nursery Angels Academ... ✓ neschimbat
✓ neschimbat
[84/178] Liceul Teoretic "Just 4 Kids"... ✓ neschimbat
✓ neschimbat
[85/178] WhizKidz Hub - Afterschool... ✓ neschimbat
✓ neschimbat
[86/178] Ramy's Kids Afterschool... ✓ neschimbat
✓ neschimbat
[87/178] Smiley After School... ✓ neschimbat
✓ neschimbat
[88/178] Neverland Afterschool... ✓ neschimbat
✓ neschimbat
[89/178] Abc Kids - After and Before Center Kid... ✓ neschimbat
✓ neschimbat
[90/178] Happy Kids Otopeni... ✓ neschimbat
✓ neschimbat
[91/178] Grădinița IILO - Gradinita Privata Sec... ✓ neschimbat
✓ neschimbat
[92/178] EVIA Kids - sector 4 Afterschool... ✓ neschimbat
✓ neschimbat
[93/178] IQ-EST After School Bucuresti... ✓ neschimbat
✓ neschimbat
[94/178] Art Kids Club... ✓ neschimbat
✓ neschimbat
[95/178] "WonderKids" Before and After School... ✓ neschimbat
✓ neschimbat
[96/178] Kinderium Before & After School Sector... ✓ neschimbat
✓ neschimbat
[97/178] Soleil Kids... ✓ neschimbat
✓ neschimbat
[98/178] Before & After School Sumire... ✓ neschimbat
✓ neschimbat
[99/178] Kids Adventure Afterschool... ✓ neschimbat
✓ neschimbat
[100/178] CENTRUL EDUCAȚIONAL ȘI AFTER SCHOOL ,,... ✓ neschimbat
✓ neschimbat
[101/178] Alice si taramul fermecat... ✓ neschimbat
✓ neschimbat
[102/178] SOS Planet After School... ✓ neschimbat
✓ neschimbat
[103/178] Kinderlachen Gradinita Germana & After... ✓ neschimbat
✓ neschimbat
[104/178] EDU&CARE... ✓ neschimbat
✓ neschimbat
[105/178] Anna Afterschool... ✓ neschimbat
✓ neschimbat
[106/178] B-Happy After school... ✓ neschimbat
✓ neschimbat
[107/178] My Universe-Afterschool... ✓ neschimbat
✓ neschimbat
[108/178] Babel Language Militari Residence... ✓ neschimbat
✓ neschimbat
[109/178] Grădinița și Școala Primară SPRINGFIEL... ✓ neschimbat
✓ neschimbat
[110/178] A&M After School... ✓ neschimbat
✓ neschimbat
[111/178] Creativ Infinit Before, After & Art sc... ✓ neschimbat
✓ neschimbat
[112/178] Maria International School (former Mar... ✓ neschimbat
✓ neschimbat
[113/178] Școala Iepurașul Bocănilă... ✓ neschimbat
✓ neschimbat
[114/178] Grădinița EuroKid 4... ✓ neschimbat
✓ neschimbat
[115/178] Smart&Fun After School Crangasi... ✓ neschimbat
✓ neschimbat
[116/178] Jolly Kids... ✓ neschimbat
✓ neschimbat
[117/178] BRIO KIDS Afterschool & Centru Educați... ✓ neschimbat
✓ neschimbat
[118/178] Asociatia Hands On & After School... ✓ neschimbat
✓ neschimbat
[119/178] Gradinita Before After School Happy Ki... ✓ neschimbat
✓ neschimbat
[120/178] Dreamworld After School... ✓ neschimbat
✓ neschimbat
[121/178] Legendary Party... ✓ neschimbat
✓ neschimbat
[122/178] EDU for Kids Afterschool... ✓ neschimbat
✓ neschimbat
[123/178] Clubul Copiilor Smart Generation... ✓ neschimbat
✓ neschimbat
[124/178] Scoala Atlas - Campus B... ✓ neschimbat
✓ neschimbat
[125/178] Gradinita Rita Veverita... ✓ neschimbat
✓ neschimbat
[126/178] Școlar AS... ✓ neschimbat
✓ neschimbat
[127/178] Kids Club Baneasa... ✓ neschimbat
✓ neschimbat
[128/178] Little Leaders Academy Kindergarten - ... ✓ neschimbat
✓ neschimbat
[129/178] Junior Genius Club... ✓ neschimbat
✓ neschimbat
[130/178] Steaua Nordului... ✓ neschimbat
✓ neschimbat
[131/178] Feli's Kids - Gradinita, After School... ✓ neschimbat
✓ neschimbat
[132/178] SmartyKids Dorobanti Floreasca - aritm... ✓ neschimbat
✓ neschimbat
[133/178] Kogaion Gifted Academy... ✓ neschimbat
✓ neschimbat
[134/178] GoKidsGo Academy... ✓ neschimbat
✓ neschimbat
[135/178] KIDS' HUB... ✓ neschimbat
✓ neschimbat
[136/178] KIDS POWER PREMIUM SCHOOL... ✓ neschimbat
✓ neschimbat
[137/178] Gradinita - After School Aristokids... ✓ neschimbat
✓ neschimbat
[138/178] Genius Academy Creșă - Grădiniță - Aft... ✓ neschimbat
✓ neschimbat
[139/178] Academia Strumfilor | Gradinita si Cre... ✓ neschimbat
✓ neschimbat
[140/178] Mini Stars Learning Center... ✓ neschimbat
✓ neschimbat
[141/178] SmartyKids Iancului Obor... ✓ neschimbat
✓ neschimbat
[142/178] Montessima Educational... ✓ neschimbat
✓ neschimbat
[143/178] Arons Education Center... ✓ neschimbat
✓ neschimbat
[144/178] Scoala Gimnaziala International PREMIU... ✓ neschimbat
✓ neschimbat
[145/178] Tic Pitic - Grădiniță particulară... ✓ neschimbat
✓ neschimbat
[146/178] Aurora Afterschool... ✓ neschimbat
✓ neschimbat
[147/178] Gradinita Ziana / Universal Kids Globa... ✓ neschimbat
✓ neschimbat
[148/178] PRO Academy Afterschool... ✓ neschimbat
✓ neschimbat
[149/178] Iuladi Kids... ✓ neschimbat
✓ neschimbat
[150/178] Magic Castle Primary School and Kinder... ✓ neschimbat
✓ neschimbat
[151/178] SC Family Kids SRL... ✓ neschimbat
✓ neschimbat
[152/178] SmartyKids Timpuri Noi - Aritmetică me... ✓ neschimbat
✓ neschimbat
[153/178] MindHub București - Unirii... ✓ neschimbat
✓ neschimbat
[154/178] Just4Kids... ✓ neschimbat
✓ neschimbat
[155/178] Happy Junior... ✓ neschimbat
✓ neschimbat
[156/178] Alex and Friends... ✓ neschimbat
✓ neschimbat
[157/178] Lumea Copilului - Afterschool... ✓ neschimbat
✓ neschimbat
[158/178] Atlanthea Tineretului | Afterschool | ... ✓ neschimbat
✓ neschimbat
[159/178] Gradinita Magic Years... ✓ neschimbat
✓ neschimbat
[160/178] Gradinita HAPPY Junior-sediul 2... ✓ neschimbat
✓ neschimbat
[161/178] King George | International School... ✓ neschimbat
✓ neschimbat
[162/178] Clubul de Educatie Alternativa - Polic... ✓ neschimbat
✓ neschimbat
[163/178] Centrul de Excelenta in Educatie Clubu... ✓ neschimbat
✓ neschimbat
[164/178] Rainbow Kids Kindergarten... ✓ neschimbat
✓ neschimbat
[165/178] "My Universe" Kindergarten... ✓ neschimbat
✓ neschimbat
[166/178] Little Team THE COLLEGE childcare... ✓ neschimbat
✓ neschimbat
[167/178] Turnul Artelor: Afterschool Bilingv Ro... ✓ neschimbat
✓ neschimbat
[168/178] Be Smart Kids Club... ✓ neschimbat
✓ neschimbat
[169/178] Corina Club After School... ✓ neschimbat
✓ neschimbat
[170/178] Gradinita MINIME... ✓ neschimbat
✓ neschimbat
[171/178] Kid Station Afterschool... ✓ neschimbat
✓ neschimbat
[172/178] Muzeul Copiilor... ✓ neschimbat
✓ neschimbat
[173/178] Centru de Meditații Sector 4 - EduFami... ✓ neschimbat
✓ neschimbat
[174/178] Anademia - Hub Educational - Ateliere ... 